../Core/Src/main.c:57:6:i2c_init	4	static
../Core/Src/main.c:84:6:oled_write_packet	16	static
../Core/Src/main.c:117:6:oled_send_cmd	16	static
../Core/Src/main.c:121:6:oled_send_data	16	static
../Core/Src/main.c:125:6:oled_init	16	static
../Core/Src/main.c:133:6:oled_clear	16	static
../Core/Src/main.c:145:6:oled_test_pattern	16	static
../Core/Src/main.c:162:6:oled_draw_A	24	static
../Core/Src/main.c:185:5:main	8	static
../Core/Src/main.c:241:6:SystemClock_Config	96	static
../Core/Src/main.c:295:6:Error_Handler	4	static,ignoring_inline_asm
