Archive member included to satisfy reference by file (symbol)

/opt/st/stm32cubeide_2.1.1/plugins/com.st.stm32cube.ide.mcu.externaltools.gnu-tools-for-stm32.14.3.rel1.linux64_1.0.100.202602081740/tools/bin/../lib/gcc/arm-none-eabi/14.3.1/../../../../arm-none-eabi/lib/thumb/v7e-m+fp/hard/libc_nano.a(libc_a-exit.o)
                              /opt/st/stm32cubeide_2.1.1/plugins/com.st.stm32cube.ide.mcu.externaltools.gnu-tools-for-stm32.14.3.rel1.linux64_1.0.100.202602081740/tools/bin/../lib/gcc/arm-none-eabi/14.3.1/../../../../arm-none-eabi/lib/thumb/v7e-m+fp/hard/crt0.o (exit)
/opt/st/stm32cubeide_2.1.1/plugins/com.st.stm32cube.ide.mcu.externaltools.gnu-tools-for-stm32.14.3.rel1.linux64_1.0.100.202602081740/tools/bin/../lib/gcc/arm-none-eabi/14.3.1/../../../../arm-none-eabi/lib/thumb/v7e-m+fp/hard/libc_nano.a(libc_a-findfp.o)
                              /opt/st/stm32cubeide_2.1.1/plugins/com.st.stm32cube.ide.mcu.externaltools.gnu-tools-for-stm32.14.3.rel1.linux64_1.0.100.202602081740/tools/bin/../lib/gcc/arm-none-eabi/14.3.1/../../../../arm-none-eabi/lib/thumb/v7e-m+fp/hard/libc_nano.a(libc_a-exit.o) (__stdio_exit_handler)
/opt/st/stm32cubeide_2.1.1/plugins/com.st.stm32cube.ide.mcu.externaltools.gnu-tools-for-stm32.14.3.rel1.linux64_1.0.100.202602081740/tools/bin/../lib/gcc/arm-none-eabi/14.3.1/../../../../arm-none-eabi/lib/thumb/v7e-m+fp/hard/libc_nano.a(libc_a-fwalk.o)
                              /opt/st/stm32cubeide_2.1.1/plugins/com.st.stm32cube.ide.mcu.externaltools.gnu-tools-for-stm32.14.3.rel1.linux64_1.0.100.202602081740/tools/bin/../lib/gcc/arm-none-eabi/14.3.1/../../../../arm-none-eabi/lib/thumb/v7e-m+fp/hard/libc_nano.a(libc_a-findfp.o) (_fwalk_sglue)
/opt/st/stm32cubeide_2.1.1/plugins/com.st.stm32cube.ide.mcu.externaltools.gnu-tools-for-stm32.14.3.rel1.linux64_1.0.100.202602081740/tools/bin/../lib/gcc/arm-none-eabi/14.3.1/../../../../arm-none-eabi/lib/thumb/v7e-m+fp/hard/libc_nano.a(libc_a-stdio.o)
                              /opt/st/stm32cubeide_2.1.1/plugins/com.st.stm32cube.ide.mcu.externaltools.gnu-tools-for-stm32.14.3.rel1.linux64_1.0.100.202602081740/tools/bin/../lib/gcc/arm-none-eabi/14.3.1/../../../../arm-none-eabi/lib/thumb/v7e-m+fp/hard/libc_nano.a(libc_a-findfp.o) (__sread)
/opt/st/stm32cubeide_2.1.1/plugins/com.st.stm32cube.ide.mcu.externaltools.gnu-tools-for-stm32.14.3.rel1.linux64_1.0.100.202602081740/tools/bin/../lib/gcc/arm-none-eabi/14.3.1/../../../../arm-none-eabi/lib/thumb/v7e-m+fp/hard/libc_nano.a(libc_a-memset.o)
                              /opt/st/stm32cubeide_2.1.1/plugins/com.st.stm32cube.ide.mcu.externaltools.gnu-tools-for-stm32.14.3.rel1.linux64_1.0.100.202602081740/tools/bin/../lib/gcc/arm-none-eabi/14.3.1/../../../../arm-none-eabi/lib/thumb/v7e-m+fp/hard/crt0.o (memset)
/opt/st/stm32cubeide_2.1.1/plugins/com.st.stm32cube.ide.mcu.externaltools.gnu-tools-for-stm32.14.3.rel1.linux64_1.0.100.202602081740/tools/bin/../lib/gcc/arm-none-eabi/14.3.1/../../../../arm-none-eabi/lib/thumb/v7e-m+fp/hard/libc_nano.a(libc_a-closer.o)
                              /opt/st/stm32cubeide_2.1.1/plugins/com.st.stm32cube.ide.mcu.externaltools.gnu-tools-for-stm32.14.3.rel1.linux64_1.0.100.202602081740/tools/bin/../lib/gcc/arm-none-eabi/14.3.1/../../../../arm-none-eabi/lib/thumb/v7e-m+fp/hard/libc_nano.a(libc_a-stdio.o) (_close_r)
/opt/st/stm32cubeide_2.1.1/plugins/com.st.stm32cube.ide.mcu.externaltools.gnu-tools-for-stm32.14.3.rel1.linux64_1.0.100.202602081740/tools/bin/../lib/gcc/arm-none-eabi/14.3.1/../../../../arm-none-eabi/lib/thumb/v7e-m+fp/hard/libc_nano.a(libc_a-reent.o)
                              /opt/st/stm32cubeide_2.1.1/plugins/com.st.stm32cube.ide.mcu.externaltools.gnu-tools-for-stm32.14.3.rel1.linux64_1.0.100.202602081740/tools/bin/../lib/gcc/arm-none-eabi/14.3.1/../../../../arm-none-eabi/lib/thumb/v7e-m+fp/hard/libc_nano.a(libc_a-closer.o) (errno)
/opt/st/stm32cubeide_2.1.1/plugins/com.st.stm32cube.ide.mcu.externaltools.gnu-tools-for-stm32.14.3.rel1.linux64_1.0.100.202602081740/tools/bin/../lib/gcc/arm-none-eabi/14.3.1/../../../../arm-none-eabi/lib/thumb/v7e-m+fp/hard/libc_nano.a(libc_a-impure.o)
                              /opt/st/stm32cubeide_2.1.1/plugins/com.st.stm32cube.ide.mcu.externaltools.gnu-tools-for-stm32.14.3.rel1.linux64_1.0.100.202602081740/tools/bin/../lib/gcc/arm-none-eabi/14.3.1/../../../../arm-none-eabi/lib/thumb/v7e-m+fp/hard/libc_nano.a(libc_a-reent.o) (_impure_ptr)
/opt/st/stm32cubeide_2.1.1/plugins/com.st.stm32cube.ide.mcu.externaltools.gnu-tools-for-stm32.14.3.rel1.linux64_1.0.100.202602081740/tools/bin/../lib/gcc/arm-none-eabi/14.3.1/../../../../arm-none-eabi/lib/thumb/v7e-m+fp/hard/libc_nano.a(libc_a-lseekr.o)
                              /opt/st/stm32cubeide_2.1.1/plugins/com.st.stm32cube.ide.mcu.externaltools.gnu-tools-for-stm32.14.3.rel1.linux64_1.0.100.202602081740/tools/bin/../lib/gcc/arm-none-eabi/14.3.1/../../../../arm-none-eabi/lib/thumb/v7e-m+fp/hard/libc_nano.a(libc_a-stdio.o) (_lseek_r)
[...]
Memory Configuration

Name             Origin             Length             Attributes
RAM              0x20000000         0x00018000         xrw
RAM2             0x10000000         0x00008000         xrw
FLASH            0x08000000         0x00100000         xr
*default*        0x00000000         0xffffffff

Linker script and memory map

LOAD /opt/st/stm32cubeide_2.1.1/plugins/com.st.stm32cube.ide.mcu.externaltools.gnu-tools-for-stm32.14.3.rel1.linux64_1.0.100.202602081740/tools/bin/../lib/gcc/arm-none-eabi/14.3.1/thumb/v7e-m+fp/hard/crti.o
LOAD /opt/st/stm32cubeide_2.1.1/plugins/com.st.stm32cube.ide.mcu.externaltools.gnu-tools-for-stm32.14.3.rel1.linux64_1.0.100.202602081740/tools/bin/../lib/gcc/arm-none-eabi/14.3.1/thumb/v7e-m+fp/hard/crtbegin.o
LOAD /opt/st/stm32cubeide_2.1.1/plugins/com.st.stm32cube.ide.mcu.externaltools.gnu-tools-for-stm32.14.3.rel1.linux64_1.0.100.202602081740/tools/bin/../lib/gcc/arm-none-eabi/14.3.1/../../../../arm-none-eabi/lib/thumb/v7e-m+fp/hard/crt0.o
LOAD ./Core/Src/led_control.o
LOAD ./Core/Src/main.o
LOAD ./Core/Src/stm32l4xx_hal_msp.o
LOAD ./Core/Src/stm32l4xx_it.o
LOAD ./Core/Src/syscalls.o
LOAD ./Core/Src/sysmem.o
LOAD ./Core/Src/system_stm32l4xx.o
LOAD ./Core/Startup/startup_stm32l476rgtx.o
LOAD ./Drivers/STM32L4xx_HAL_Driver/Src/stm32l4xx_hal.o
LOAD ./Drivers/STM32L4xx_HAL_Driver/Src/stm32l4xx_hal_cortex.o
LOAD ./Drivers/STM32L4xx_HAL_Driver/Src/stm32l4xx_hal_dma.o
LOAD ./Drivers/STM32L4xx_HAL_Driver/Src/stm32l4xx_hal_dma_ex.o
LOAD ./Drivers/STM32L4xx_HAL_Driver/Src/stm32l4xx_hal_exti.o
LOAD ./Drivers/STM32L4xx_HAL_Driver/Src/stm32l4xx_hal_flash.o
LOAD ./Drivers/STM32L4xx_HAL_Driver/Src/stm32l4xx_hal_flash_ex.o
LOAD ./Drivers/STM32L4xx_HAL_Driver/Src/stm32l4xx_hal_flash_ramfunc.o
LOAD ./Drivers/STM32L4xx_HAL_Driver/Src/stm32l4xx_hal_gpio.o
LOAD ./Drivers/STM32L4xx_HAL_Driver/Src/stm32l4xx_hal_i2c.o
LOAD ./Drivers/STM32L4xx_HAL_Driver/Src/stm32l4xx_hal_i2c_ex.o
LOAD ./Drivers/STM32L4xx_HAL_Driver/Src/stm32l4xx_hal_pwr.o
LOAD ./Drivers/STM32L4xx_HAL_Driver/Src/stm32l4xx_hal_pwr_ex.o
LOAD ./Drivers/STM32L4xx_HAL_Driver/Src/stm32l4xx_hal_rcc.o
LOAD ./Drivers/STM32L4xx_HAL_Driver/Src/stm32l4xx_hal_rcc_ex.o
START GROUP
LOAD /opt/st/stm32cubeide_2.1.1/plugins/com.st.stm32cube.ide.mcu.externaltools.gnu-tools-for-stm32.14.3.rel1.linux64_1.0.100.202602081740/tools/bin/../lib/gcc/arm-none-eabi/14.3.1/../../../../arm-none-eabi/lib/thumb/v7e-m+fp/hard/libc_nano.a
LOAD /opt/st/stm32cubeide_2.1.1/plugins/com.st.stm32cube.ide.mcu.externaltools.gnu-tools-for-stm32.14.3.rel1.linux64_1.0.100.202602081740/tools/bin/../lib/gcc/arm-none-eabi/14.3.1/../../../../arm-none-eabi/lib/thumb/v7e-m+fp/hard/libm.a
END GROUP
START GROUP
LOAD /opt/st/stm32cubeide_2.1.1/plugins/com.st.stm32cube.ide.mcu.externaltools.gnu-tools-for-stm32.14.3.rel1.linux64_1.0.100.202602081740/tools/bin/../lib/gcc/arm-none-eabi/14.3.1/thumb/v7e-m+fp/hard/libgcc.a
LOAD /opt/st/stm32cubeide_2.1.1/plugins/com.st.stm32cube.ide.mcu.externaltools.gnu-tools-for-stm32.14.3.rel1.linux64_1.0.100.202602081740/tools/bin/../lib/gcc/arm-none-eabi/14.3.1/../../../../arm-none-eabi/lib/thumb/v7e-m+fp/hard/libc_nano.a
END GROUP
START GROUP
LOAD /opt/st/stm32cubeide_2.1.1/plugins/com.st.stm32cube.ide.mcu.externaltools.gnu-tools-for-stm32.14.3.rel1.linux64_1.0.100.202602081740/tools/bin/../lib/gcc/arm-none-eabi/14.3.1/thumb/v7e-m+fp/hard/libgcc.a
LOAD /opt/st/stm32cubeide_2.1.1/plugins/com.st.stm32cube.ide.mcu.externaltools.gnu-tools-for-stm32.14.3.rel1.linux64_1.0.100.202602081740/tools/bin/../lib/gcc/arm-none-eabi/14.3.1/../../../../arm-none-eabi/lib/thumb/v7e-m+fp/hard/libc_nano.a
LOAD /opt/st/stm32cubeide_2.1.1/plugins/com.st.stm32cube.ide.mcu.externaltools.gnu-tools-for-stm32.14.3.rel1.linux64_1.0.100.202602081740/tools/bin/../lib/gcc/arm-none-eabi/14.3.1/../../../../arm-none-eabi/lib/thumb/v7e-m+fp/hard/libnosys.a
END GROUP
START GROUP
LOAD /opt/st/stm32cubeide_2.1.1/plugins/com.st.stm32cube.ide.mcu.externaltools.gnu-tools-for-stm32.14.3.rel1.linux64_1.0.100.202602081740/tools/bin/../lib/gcc/arm-none-eabi/14.3.1/thumb/v7e-m+fp/hard/libgcc.a
LOAD /opt/st/stm32cubeide_2.1.1/plugins/com.st.stm32cube.ide.mcu.externaltools.gnu-tools-for-stm32.14.3.rel1.linux64_1.0.100.202602081740/tools/bin/../lib/gcc/arm-none-eabi/14.3.1/../../../../arm-none-eabi/lib/thumb/v7e-m+fp/hard/libc_nano.a
LOAD /opt/st/stm32cubeide_2.1.1/plugins/com.st.stm32cube.ide.mcu.externaltools.gnu-tools-for-stm32.14.3.rel1.linux64_1.0.100.202602081740/tools/bin/../lib/gcc/arm-none-eabi/14.3.1/../../../../arm-none-eabi/lib/thumb/v7e-m+fp/hard/libnosys.a
END GROUP
LOAD /opt/st/stm32cubeide_2.1.1/plugins/com.st.stm32cube.ide.mcu.externaltools.gnu-tools-for-stm32.14.3.rel1.linux64_1.0.100.202602081740/tools/bin/../lib/gcc/arm-none-eabi/14.3.1/thumb/v7e-m+fp/hard/crtend.o
LOAD /opt/st/stm32cubeide_2.1.1/plugins/com.st.stm32cube.ide.mcu.externaltools.gnu-tools-for-stm32.14.3.rel1.linux64_1.0.100.202602081740/tools/bin/../lib/gcc/arm-none-eabi/14.3.1/thumb/v7e-m+fp/hard/crtn.o
                0x20018000                        _estack = (ORIGIN (RAM) + LENGTH (RAM))
                0x00000200                        _Min_Heap_Size = 0x200
                0x00000400                        _Min_Stack_Size = 0x400

.isr_vector     0x08000000      0x188
                0x08000000                        . = ALIGN (0x4)
 *(.isr_vector)
 .isr_vector    0x08000000      0x188 ./Core/Startup/startup_stm32l476rgtx.o
                0x08000000                g_pfnVectors
                0x08000188                        . = ALIGN (0x4)

.text           0x08000188     0x13c0
                0x08000188                        . = ALIGN (0x4)
 *(.text)
 .text          0x08000188       0x40 /opt/st/stm32cubeide_2.1.1/plugins/com.st.stm32cube.ide.mcu.externaltools.gnu-tools-for-stm32.14.3.rel1.linux64_1.0.100.202602081740/tools/bin/../lib/gcc/arm-none-eabi/14.3.1/thumb/v7e-m+fp/hard/crtbegin.o
 *(.text*)
 .text.__NVIC_EnableIRQ
                0x080001c8       0x3c ./Core/Src/main.o
 .text.led_init
                0x08000204       0x40 ./Core/Src/main.o
                0x08000204                led_init
 .text.uart_init
                0x08000244       0xe0 ./Core/Src/main.o
                0x08000244                uart_init
 .text.main     0x08000324       0x48 ./Core/Src/main.o
                0x08000324                main
 .text.SystemClock_Config
                0x0800036c       0xa4 ./Core/Src/main.o
                0x0800036c                SystemClock_Config
 .text.Error_Handler
                0x08000410        0xc ./Core/Src/main.o
                0x08000410                Error_Handler
 .text.HAL_MspInit
                0x0800041c       0x48 ./Core/Src/stm32l4xx_hal_msp.o
                0x0800041c                HAL_MspInit
 .text.NMI_Handler
                0x08000464        0x8 ./Core/Src/stm32l4xx_it.o
                0x08000464                NMI_Handler
 .text.HardFault_Handler
                0x0800046c        0x8 ./Core/Src/stm32l4xx_it.o
                0x0800046c                HardFault_Handler
 .text.MemManage_Handler
                0x08000474        0x8 ./Core/Src/stm32l4xx_it.o
                0x08000474                MemManage_Handler
 .text.BusFault_Handler
                0x0800047c        0x8 ./Core/Src/stm32l4xx_it.o
                0x0800047c                BusFault_Handler
 .text.UsageFault_Handler
                0x08000484        0x8 ./Core/Src/stm32l4xx_it.o
                0x08000484                UsageFault_Handler
 .text.SVC_Handler
                0x0800048c        0xe ./Core/Src/stm32l4xx_it.o
                0x0800048c                SVC_Handler
 .text.DebugMon_Handler
                0x0800049a        0xe ./Core/Src/stm32l4xx_it.o
                0x0800049a                DebugMon_Handler
 .text.PendSV_Handler
                0x080004a8        0xe ./Core/Src/stm32l4xx_it.o
                0x080004a8                PendSV_Handler
 .text.SysTick_Handler
                0x080004b6        0xc ./Core/Src/stm32l4xx_it.o
                0x080004b6                SysTick_Handler
 *fill*         0x080004c2        0x2 
 .text.SystemInit
                0x080004c4       0x6c ./Core/Src/system_stm32l4xx.o
                0x080004c4                SystemInit
 .text.Reset_Handler
                0x08000530       0x50 ./Core/Startup/startup_stm32l476rgtx.o
                0x08000530                Reset_Handler
 .text.Default_Handler
                0x08000580        0x2 ./Core/Startup/startup_stm32l476rgtx.o
                0x08000580                RTC_Alarm_IRQHandler
                0x08000580                EXTI2_IRQHandler
                0x08000580                TIM8_TRG_COM_IRQHandler
                0x08000580                TIM8_CC_IRQHandler
                0x08000580                TIM1_CC_IRQHandler
                0x08000580                TSC_IRQHandler
                0x08000580                TAMP_STAMP_IRQHandler
                0x08000580                EXTI3_IRQHandler
                0x08000580                LPTIM2_IRQHandler
                0x08000580                DFSDM1_FLT1_IRQHandler
                0x08000580                I2C3_ER_IRQHandler
                0x08000580                DFSDM1_FLT2_IRQHandler
                0x08000580                EXTI0_IRQHandler
                0x08000580                I2C2_EV_IRQHandler
                0x08000580                CAN1_RX0_IRQHandler
                0x08000580                FPU_IRQHandler
                0x08000580                TIM1_UP_TIM16_IRQHandler
                0x08000580                ADC1_2_IRQHandler
                0x08000580                SPI1_IRQHandler
                0x08000580                TIM6_DAC_IRQHandler
                0x08000580                TIM8_UP_IRQHandler
                0x08000580                DMA2_Channel2_IRQHandler
                0x08000580                DMA1_Channel4_IRQHandler
                0x08000580                SAI2_IRQHandler
                0x08000580                DFSDM1_FLT3_IRQHandler
                0x08000580                USART3_IRQHandler
                0x08000580                DMA1_Channel7_IRQHandler
                0x08000580                CAN1_RX1_IRQHandler
                0x08000580                LCD_IRQHandler
                0x08000580                UART5_IRQHandler
                0x08000580                ADC3_IRQHandler
                0x08000580                TIM4_IRQHandler
                0x08000580                DMA2_Channel1_IRQHandler
                0x08000580                QUADSPI_IRQHandler
                0x08000580                I2C1_EV_IRQHandler
                0x08000580                DMA1_Channel6_IRQHandler
                0x08000580                UART4_IRQHandler
                0x08000580                DMA2_Channel4_IRQHandler
                0x08000580                TIM3_IRQHandler
                0x08000580                RCC_IRQHandler
                0x08000580                DMA1_Channel1_IRQHandler
                0x08000580                Default_Handler
                0x08000580                DMA2_Channel7_IRQHandler
                0x08000580                EXTI15_10_IRQHandler
                0x08000580                TIM7_IRQHandler
                0x08000580                SDMMC1_IRQHandler
                0x08000580                TIM5_IRQHandler
                0x08000580                I2C3_EV_IRQHandler
                0x08000580                EXTI9_5_IRQHandler
                0x08000580                RTC_WKUP_IRQHandler
                0x08000580                PVD_PVM_IRQHandler
                0x08000580                SPI2_IRQHandler
                0x08000580                CAN1_TX_IRQHandler
                0x08000580                DMA2_Channel5_IRQHandler
                0x08000580                DMA1_Channel5_IRQHandler
                0x08000580                EXTI4_IRQHandler
                0x08000580                RNG_IRQHandler
                0x08000580                TIM1_TRG_COM_TIM17_IRQHandler
                0x08000580                DMA1_Channel3_IRQHandler
                0x08000580                COMP_IRQHandler
                0x08000580                WWDG_IRQHandler
                0x08000580                LPUART1_IRQHandler
                0x08000580                DMA2_Channel6_IRQHandler
                0x08000580                TIM2_IRQHandler
                0x08000580                EXTI1_IRQHandler
                0x08000580                USART2_IRQHandler
                0x08000580                DFSDM1_FLT0_IRQHandler
                0x08000580                I2C2_ER_IRQHandler
                0x08000580                DMA1_Channel2_IRQHandler
                0x08000580                TIM8_BRK_IRQHandler
                0x08000580                CAN1_SCE_IRQHandler
                0x08000580                FLASH_IRQHandler
                0x08000580                USART1_IRQHandler
                0x08000580                OTG_FS_IRQHandler
                0x08000580                SPI3_IRQHandler
                0x08000580                I2C1_ER_IRQHandler
                0x08000580                FMC_IRQHandler
                0x08000580                SWPMI1_IRQHandler
                0x08000580                LPTIM1_IRQHandler
                0x08000580                SAI1_IRQHandler
                0x08000580                DMA2_Channel3_IRQHandler
                0x08000580                TIM1_BRK_TIM15_IRQHandler
 .text.HAL_Init
                0x08000582       0x30 ./Drivers/STM32L4xx_HAL_Driver/Src/stm32l4xx_hal.o
                0x08000582                HAL_Init
 *fill*         0x080005b2        0x2 
 .text.HAL_InitTick
                0x080005b4       0x78 ./Drivers/STM32L4xx_HAL_Driver/Src/stm32l4xx_hal.o
                0x080005b4                HAL_InitTick
 .text.HAL_IncTick
                0x0800062c       0x28 ./Drivers/STM32L4xx_HAL_Driver/Src/stm32l4xx_hal.o
                0x0800062c                HAL_IncTick
 .text.HAL_GetTick
                0x08000654       0x18 ./Drivers/STM32L4xx_HAL_Driver/Src/stm32l4xx_hal.o
                0x08000654                HAL_GetTick
 .text.HAL_Delay
                0x0800066c       0x48 ./Drivers/STM32L4xx_HAL_Driver/Src/stm32l4xx_hal.o
                0x0800066c                HAL_Delay
 .text.__NVIC_SetPriorityGrouping
                0x080006b4       0x48 ./Drivers/STM32L4xx_HAL_Driver/Src/stm32l4xx_hal_cortex.o
 .text.__NVIC_GetPriorityGrouping
                0x080006fc       0x1c ./Drivers/STM32L4xx_HAL_Driver/Src/stm32l4xx_hal_cortex.o
 .text.__NVIC_SetPriority
                0x08000718       0x54 ./Drivers/STM32L4xx_HAL_Driver/Src/stm32l4xx_hal_cortex.o
 .text.NVIC_EncodePriority
                0x0800076c       0x66 ./Drivers/STM32L4xx_HAL_Driver/Src/stm32l4xx_hal_cortex.o
 *fill*         0x080007d2        0x2 
 .text.SysTick_Config
                0x080007d4       0x44 ./Drivers/STM32L4xx_HAL_Driver/Src/stm32l4xx_hal_cortex.o
 .text.HAL_NVIC_SetPriorityGrouping
                0x08000818       0x16 ./Drivers/STM32L4xx_HAL_Driver/Src/stm32l4xx_hal_cortex.o
                0x08000818                HAL_NVIC_SetPriorityGrouping
 .text.HAL_NVIC_SetPriority
                0x0800082e       0x38 ./Drivers/STM32L4xx_HAL_Driver/Src/stm32l4xx_hal_cortex.o
                0x0800082e                HAL_NVIC_SetPriority
 .text.HAL_SYSTICK_Config
                0x08000866       0x18 ./Drivers/STM32L4xx_HAL_Driver/Src/stm32l4xx_hal_cortex.o
                0x08000866                HAL_SYSTICK_Config
 *fill*         0x0800087e        0x2 
 .text.HAL_PWREx_GetVoltageRange
                0x08000880       0x1c ./Drivers/STM32L4xx_HAL_Driver/Src/stm32l4xx_hal_pwr_ex.o
                0x08000880                HAL_PWREx_GetVoltageRange
 .text.HAL_PWREx_ControlVoltageScaling
                0x0800089c       0xac ./Drivers/STM32L4xx_HAL_Driver/Src/stm32l4xx_hal_pwr_ex.o
                0x0800089c                HAL_PWREx_ControlVoltageScaling
 .text.HAL_RCC_OscConfig
                0x08000948      0x7b8 ./Drivers/STM32L4xx_HAL_Driver/Src/stm32l4xx_hal_rcc.o
                0x08000948                HAL_RCC_OscConfig
 .text.HAL_RCC_ClockConfig
                0x08001100      0x200 ./Drivers/STM32L4xx_HAL_Driver/Src/stm32l4xx_hal_rcc.o
                0x08001100                HAL_RCC_ClockConfig
 .text.HAL_RCC_GetSysClockFreq
                0x08001300      0x118 ./Drivers/STM32L4xx_HAL_Driver/Src/stm32l4xx_hal_rcc.o
                0x08001300                HAL_RCC_GetSysClockFreq
 .text.RCC_SetFlashLatencyFromMSIRange
                0x08001418       0xc0 ./Drivers/STM32L4xx_HAL_Driver/Src/stm32l4xx_hal_rcc.o
 .text.memset   0x080014d8       0x10 /opt/st/stm32cubeide_2.1.1/plugins/com.st.stm32cube.ide.mcu.externaltools.gnu-tools-for-stm32.14.3.rel1.linux64_1.0.100.202602081740/tools/bin/../lib/gcc/arm-none-eabi/14.3.1/../../../../arm-none-eabi/lib/thumb/v7e-m+fp/hard/libc_nano.a(libc_a-memset.o)
                0x080014d8                memset
 .text.__libc_init_array
                0x080014e8       0x48 /opt/st/stm32cubeide_2.1.1/plugins/com.st.stm32cube.ide.mcu.externaltools.gnu-tools-for-stm32.14.3.rel1.linux64_1.0.100.202602081740/tools/bin/../lib/gcc/arm-none-eabi/14.3.1/../../../../arm-none-eabi/lib/thumb/v7e-m+fp/hard/libc_nano.a(libc_a-init.o)
                0x080014e8                __libc_init_array
 *(.glue_7)
 .glue_7        0x08001530        0x0 linker stubs
 *(.glue_7t)
 .glue_7t       0x08001530        0x0 linker stubs
 *(.eh_frame)
 .eh_frame      0x08001530        0x0 /opt/st/stm32cubeide_2.1.1/plugins/com.st.stm32cube.ide.mcu.externaltools.gnu-tools-for-stm32.14.3.rel1.linux64_1.0.100.202602081740/tools/bin/../lib/gcc/arm-none-eabi/14.3.1/thumb/v7e-m+fp/hard/crtbegin.o
 *(.init)
 .init          0x08001530        0x4 /opt/st/stm32cubeide_2.1.1/plugins/com.st.stm32cube.ide.mcu.externaltools.gnu-tools-for-stm32.14.3.rel1.linux64_1.0.100.202602081740/tools/bin/../lib/gcc/arm-none-eabi/14.3.1/thumb/v7e-m+fp/hard/crti.o
                0x08001530                _init
 .init          0x08001534        0x8 /opt/st/stm32cubeide_2.1.1/plugins/com.st.stm32cube.ide.mcu.externaltools.gnu-tools-for-stm32.14.3.rel1.linux64_1.0.100.202602081740/tools/bin/../lib/gcc/arm-none-eabi/14.3.1/thumb/v7e-m+fp/hard/crtn.o
 *(.fini)
 .fini          0x0800153c        0x4 /opt/st/stm32cubeide_2.1.1/plugins/com.st.stm32cube.ide.mcu.externaltools.gnu-tools-for-stm32.14.3.rel1.linux64_1.0.100.202602081740/tools/bin/../lib/gcc/arm-none-eabi/14.3.1/thumb/v7e-m+fp/hard/crti.o
                0x0800153c                _fini
 .fini          0x08001540        0x8 /opt/st/stm32cubeide_2.1.1/plugins/com.st.stm32cube.ide.mcu.externaltools.gnu-tools-for-stm32.14.3.rel1.linux64_1.0.100.202602081740/tools/bin/../lib/gcc/arm-none-eabi/14.3.1/thumb/v7e-m+fp/hard/crtn.o
                0x08001548                        . = ALIGN (0x4)
                0x08001548                        _etext = .

.vfp11_veneer   0x08001548        0x0
 .vfp11_veneer  0x08001548        0x0 linker stubs

.v4_bx          0x08001548        0x0
 .v4_bx         0x08001548        0x0 linker stubs

.iplt           0x08001548        0x0
 .iplt          0x08001548        0x0 /opt/st/stm32cubeide_2.1.1/plugins/com.st.stm32cube.ide.mcu.externaltools.gnu-tools-for-stm32.14.3.rel1.linux64_1.0.100.202602081740/tools/bin/../lib/gcc/arm-none-eabi/14.3.1/thumb/v7e-m+fp/hard/crtbegin.o

.rodata         0x08001548       0x40
                0x08001548                        . = ALIGN (0x4)
 *(.rodata)
 *(.rodata*)
 .rodata.AHBPrescTable
                0x08001548       0x10 ./Core/Src/system_stm32l4xx.o
                0x08001548                AHBPrescTable
 .rodata.MSIRangeTable
                0x08001558       0x30 ./Core/Src/system_stm32l4xx.o
                0x08001558                MSIRangeTable
                0x08001588                        . = ALIGN (0x4)

.ARM.extab      0x08001588        0x0
                0x08001588                        . = ALIGN (0x4)
 *(.ARM.extab* .gnu.linkonce.armextab.*)
                0x08001588                        . = ALIGN (0x4)

.ARM            0x08001588        0x0
                0x08001588                        . = ALIGN (0x4)
                0x08001588                        __exidx_start = .
 *(.ARM.exidx*)
                0x08001588                        __exidx_end = .
                0x08001588                        . = ALIGN (0x4)

.preinit_array  0x08001588        0x0
                0x08001588                        . = ALIGN (0x4)
                0x08001588                        PROVIDE (__preinit_array_start = .)
 *(.preinit_array*)
                0x08001588                        PROVIDE (__preinit_array_end = .)
                0x08001588                        . = ALIGN (0x4)

.init_array     0x08001588        0x4
                0x08001588                        . = ALIGN (0x4)
                0x08001588                        PROVIDE (__init_array_start = .)
 *(SORT_BY_NAME(.init_array.*))
 *(.init_array*)
 .init_array    0x08001588        0x4 /opt/st/stm32cubeide_2.1.1/plugins/com.st.stm32cube.ide.mcu.externaltools.gnu-tools-for-stm32.14.3.rel1.linux64_1.0.100.202602081740/tools/bin/../lib/gcc/arm-none-eabi/14.3.1/thumb/v7e-m+fp/hard/crtbegin.o
                0x0800158c                        PROVIDE (__init_array_end = .)
                0x0800158c                        . = ALIGN (0x4)

.fini_array     0x0800158c        0x4
                0x0800158c                        . = ALIGN (0x4)
                [!provide]                        PROVIDE (__fini_array_start = .)
 *(SORT_BY_NAME(.fini_array.*))
 *(.fini_array*)
 .fini_array    0x0800158c        0x4 /opt/st/stm32cubeide_2.1.1/plugins/com.st.stm32cube.ide.mcu.externaltools.gnu-tools-for-stm32.14.3.rel1.linux64_1.0.100.202602081740/tools/bin/../lib/gcc/arm-none-eabi/14.3.1/thumb/v7e-m+fp/hard/crtbegin.o
                [!provide]                        PROVIDE (__fini_array_end = .)
                0x08001590                        . = ALIGN (0x4)
                0x08001590                        _sidata = LOADADDR (.data)

.rel.dyn        0x08001590        0x0
 .rel.iplt      0x08001590        0x0 /opt/st/stm32cubeide_2.1.1/plugins/com.st.stm32cube.ide.mcu.externaltools.gnu-tools-for-stm32.14.3.rel1.linux64_1.0.100.202602081740/tools/bin/../lib/gcc/arm-none-eabi/14.3.1/thumb/v7e-m+fp/hard/crtbegin.o

.data           0x20000000        0xc load address 0x08001590
                0x20000000                        . = ALIGN (0x4)
                0x20000000                        _sdata = .
 *(.data)
 *(.data*)
 .data.SystemCoreClock
                0x20000000        0x4 ./Core/Src/system_stm32l4xx.o
                0x20000000                SystemCoreClock
 .data.uwTickPrio
                0x20000004        0x4 ./Drivers/STM32L4xx_HAL_Driver/Src/stm32l4xx_hal.o
                0x20000004                uwTickPrio
 .data.uwTickFreq
                0x20000008        0x1 ./Drivers/STM32L4xx_HAL_Driver/Src/stm32l4xx_hal.o
                0x20000008                uwTickFreq
 *(.RamFunc)
 *(.RamFunc*)
                0x2000000c                        . = ALIGN (0x4)
 *fill*         0x20000009        0x3 
                0x2000000c                        _edata = .

.igot.plt       0x2000000c        0x0 load address 0x0800159c
 .igot.plt      0x2000000c        0x0 /opt/st/stm32cubeide_2.1.1/plugins/com.st.stm32cube.ide.mcu.externaltools.gnu-tools-for-stm32.14.3.rel1.linux64_1.0.100.202602081740/tools/bin/../lib/gcc/arm-none-eabi/14.3.1/thumb/v7e-m+fp/hard/crtbegin.o
                0x2000000c                        . = ALIGN (0x4)

.bss            0x2000000c       0x20 load address 0x0800159c
                0x2000000c                        _sbss = .
                0x2000000c                        __bss_start__ = _sbss
 *(.bss)
 .bss           0x2000000c       0x1c /opt/st/stm32cubeide_2.1.1/plugins/com.st.stm32cube.ide.mcu.externaltools.gnu-tools-for-stm32.14.3.rel1.linux64_1.0.100.202602081740/tools/bin/../lib/gcc/arm-none-eabi/14.3.1/thumb/v7e-m+fp/hard/crtbegin.o
 *(.bss*)
 .bss.uwTick    0x20000028        0x4 ./Drivers/STM32L4xx_HAL_Driver/Src/stm32l4xx_hal.o
                0x20000028                uwTick
 *(COMMON)
                0x2000002c                        . = ALIGN (0x4)
                0x2000002c                        _ebss = .
                0x2000002c                        __bss_end__ = _ebss

._user_heap_stack
                0x2000002c      0x604 load address 0x0800159c
                0x20000030                        . = ALIGN (0x8)
 *fill*         0x2000002c        0x4 
                [!provide]                        PROVIDE (end = .)
                0x20000030                        PROVIDE (_end = .)
                0x20000230                        . = (. + _Min_Heap_Size)
 *fill*         0x20000030      0x200 
                0x20000630                        . = (. + _Min_Stack_Size)
 *fill*         0x20000230      0x400 
                0x20000630                        . = ALIGN (0x8)

/DISCARD/
 libc.a(*)
 libm.a(*)
 libgcc.a(*)

.ARM.attributes
                0x00000000       0x30
 *(.ARM.attributes)
 .ARM.attributes
                0x00000000       0x22 /opt/st/stm32cubeide_2.1.1/plugins/com.st.stm32cube.ide.mcu.externaltools.gnu-tools-for-stm32.14.3.rel1.linux64_1.0.100.202602081740/tools/bin/../lib/gcc/arm-none-eabi/14.3.1/thumb/v7e-m+fp/hard/crti.o
 .ARM.attributes
                0x00000022       0x34 /opt/st/stm32cubeide_2.1.1/plugins/com.st.stm32cube.ide.mcu.externaltools.gnu-tools-for-stm32.14.3.rel1.linux64_1.0.100.202602081740/tools/bin/../lib/gcc/arm-none-eabi/14.3.1/thumb/v7e-m+fp/hard/crtbegin.o
 .ARM.attributes
                0x00000056       0x34 ./Core/Src/main.o
 .ARM.attributes
                0x0000008a       0x34 ./Core/Src/stm32l4xx_hal_msp.o
 .ARM.attributes
                0x000000be       0x34 ./Core/Src/stm32l4xx_it.o
 .ARM.attributes
                0x000000f2       0x34 ./Core/Src/system_stm32l4xx.o
 .ARM.attributes
                0x00000126       0x21 ./Core/Startup/startup_stm32l476rgtx.o
 .ARM.attributes
                0x00000147       0x34 ./Drivers/STM32L4xx_HAL_Driver/Src/stm32l4xx_hal.o
 .ARM.attributes
                0x0000017b       0x34 ./Drivers/STM32L4xx_HAL_Driver/Src/stm32l4xx_hal_cortex.o
 .ARM.attributes
                0x000001af       0x34 ./Drivers/STM32L4xx_HAL_Driver/Src/stm32l4xx_hal_pwr_ex.o
 .ARM.attributes
                0x000001e3       0x34 ./Drivers/STM32L4xx_HAL_Driver/Src/stm32l4xx_hal_rcc.o
 .ARM.attributes
                0x00000217       0x34 /opt/st/stm32cubeide_2.1.1/plugins/com.st.stm32cube.ide.mcu.externaltools.gnu-tools-for-stm32.14.3.rel1.linux64_1.0.100.202602081740/tools/bin/../lib/gcc/arm-none-eabi/14.3.1/../../../../arm-none-eabi/lib/thumb/v7e-m+fp/hard/libc_nano.a(libc_a-memset.o)
 .ARM.attributes
                0x0000024b       0x34 /opt/st/stm32cubeide_2.1.1/plugins/com.st.stm32cube.ide.mcu.externaltools.gnu-tools-for-stm32.14.3.rel1.linux64_1.0.100.202602081740/tools/bin/../lib/gcc/arm-none-eabi/14.3.1/../../../../arm-none-eabi/lib/thumb/v7e-m+fp/hard/libc_nano.a(libc_a-init.o)
 .ARM.attributes
                0x0000027f       0x22 /opt/st/stm32cubeide_2.1.1/plugins/com.st.stm32cube.ide.mcu.externaltools.gnu-tools-for-stm32.14.3.rel1.linux64_1.0.100.202602081740/tools/bin/../lib/gcc/arm-none-eabi/14.3.1/thumb/v7e-m+fp/hard/crtn.o
OUTPUT(uart_led_exercise.elf elf32-littlearm)
LOAD linker stubs
LOAD /opt/st/stm32cubeide_2.1.1/plugins/com.st.stm32cube.ide.mcu.externaltools.gnu-tools-for-stm32.14.3.rel1.linux64_1.0.100.202602081740/tools/bin/../lib/gcc/arm-none-eabi/14.3.1/../../../../arm-none-eabi/lib/thumb/v7e-m+fp/hard/libc.a
LOAD /opt/st/stm32cubeide_2.1.1/plugins/com.st.stm32cube.ide.mcu.externaltools.gnu-tools-for-stm32.14.3.rel1.linux64_1.0.100.202602081740/tools/bin/../lib/gcc/arm-none-eabi/14.3.1/../../../../arm-none-eabi/lib/thumb/v7e-m+fp/hard/libm.a
LOAD /opt/st/stm32cubeide_2.1.1/plugins/com.st.stm32cube.ide.mcu.externaltools.gnu-tools-for-stm32.14.3.rel1.linux64_1.0.100.202602081740/tools/bin/../lib/gcc/arm-none-eabi/14.3.1/thumb/v7e-m+fp/hard/libgcc.a

.debug_info     0x00000000     0x43da
 .debug_info    0x00000000      0xa75 ./Core/Src/main.o
 .debug_info    0x00000a75      0x301 ./Core/Src/stm32l4xx_hal_msp.o
 .debug_info    0x00000d76      0x157 ./Core/Src/stm32l4xx_it.o
 .debug_info    0x00000ecd      0x5f4 ./Core/Src/system_stm32l4xx.o
 .debug_info    0x000014c1       0x30 ./Core/Startup/startup_stm32l476rgtx.o
 .debug_info    0x000014f1      0xb2d ./Drivers/STM32L4xx_HAL_Driver/Src/stm32l4xx_hal.o
 .debug_info    0x0000201e      0xdad ./Drivers/STM32L4xx_HAL_Driver/Src/stm32l4xx_hal_cortex.o
 .debug_info    0x00002dcb      0x9ca ./Drivers/STM32L4xx_HAL_Driver/Src/stm32l4xx_hal_pwr_ex.o
 .debug_info    0x00003795      0xc45 ./Drivers/STM32L4xx_HAL_Driver/Src/stm32l4xx_hal_rcc.o

.debug_abbrev   0x00000000      0xf9c
 .debug_abbrev  0x00000000      0x26b ./Core/Src/main.o
 .debug_abbrev  0x0000026b       0xdd ./Core/Src/stm32l4xx_hal_msp.o
 .debug_abbrev  0x00000348       0xac ./Core/Src/stm32l4xx_it.o
 .debug_abbrev  0x000003f4      0x150 ./Core/Src/system_stm32l4xx.o
 .debug_abbrev  0x00000544       0x24 ./Core/Startup/startup_stm32l476rgtx.o
 .debug_abbrev  0x00000568      0x243 ./Drivers/STM32L4xx_HAL_Driver/Src/stm32l4xx_hal.o
 .debug_abbrev  0x000007ab      0x31c ./Drivers/STM32L4xx_HAL_Driver/Src/stm32l4xx_hal_cortex.o
 .debug_abbrev  0x00000ac7      0x1f9 ./Drivers/STM32L4xx_HAL_Driver/Src/stm32l4xx_hal_pwr_ex.o
 .debug_abbrev  0x00000cc0      0x2dc ./Drivers/STM32L4xx_HAL_Driver/Src/stm32l4xx_hal_rcc.o

.debug_aranges  0x00000000      0x560
 .debug_aranges
                0x00000000       0x48 ./Core/Src/main.o
 .debug_aranges
                0x00000048       0x20 ./Core/Src/stm32l4xx_hal_msp.o
 .debug_aranges
                0x00000068       0x60 ./Core/Src/stm32l4xx_it.o
 .debug_aranges
                0x000000c8       0x28 ./Core/Src/system_stm32l4xx.o
 .debug_aranges
                0x000000f0       0x28 ./Core/Startup/startup_stm32l476rgtx.o
 .debug_aranges
                0x00000118      0x130 ./Drivers/STM32L4xx_HAL_Driver/Src/stm32l4xx_hal.o
 .debug_aranges
                0x00000248      0x128 ./Drivers/STM32L4xx_HAL_Driver/Src/stm32l4xx_hal_cortex.o
 .debug_aranges
                0x00000370      0x160 ./Drivers/STM32L4xx_HAL_Driver/Src/stm32l4xx_hal_pwr_ex.o
 .debug_aranges
                0x000004d0       0x90 ./Drivers/STM32L4xx_HAL_Driver/Src/stm32l4xx_hal_rcc.o

.debug_rnglists
                0x00000000      0x3eb
 .debug_rnglists
                0x00000000       0x33 ./Core/Src/main.o
 .debug_rnglists
                0x00000033       0x13 ./Core/Src/stm32l4xx_hal_msp.o
 .debug_rnglists
                0x00000046       0x43 ./Core/Src/stm32l4xx_it.o
 .debug_rnglists
                0x00000089       0x1a ./Core/Src/system_stm32l4xx.o
 .debug_rnglists
                0x000000a3       0x19 ./Core/Startup/startup_stm32l476rgtx.o
 .debug_rnglists
                0x000000bc       0xdf ./Drivers/STM32L4xx_HAL_Driver/Src/stm32l4xx_hal.o
 .debug_rnglists
                0x0000019b       0xda ./Drivers/STM32L4xx_HAL_Driver/Src/stm32l4xx_hal_cortex.o
 .debug_rnglists
                0x00000275      0x109 ./Drivers/STM32L4xx_HAL_Driver/Src/stm32l4xx_hal_pwr_ex.o
 .debug_rnglists
                0x0000037e       0x6d ./Drivers/STM32L4xx_HAL_Driver/Src/stm32l4xx_hal_rcc.o

.debug_macro    0x00000000    0x23889
 .debug_macro   0x00000000      0x1bd ./Core/Src/main.o
 .debug_macro   0x000001bd      0x19b ./Core/Src/main.o
 .debug_macro   0x00000358       0x2e ./Core/Src/main.o
 .debug_macro   0x00000386       0x28 ./Core/Src/main.o
 .debug_macro   0x000003ae       0x22 ./Core/Src/main.o
 .debug_macro   0x000003d0       0x8e ./Core/Src/main.o
 .debug_macro   0x0000045e       0x51 ./Core/Src/main.o
 .debug_macro   0x000004af      0x103 ./Core/Src/main.o
 .debug_macro   0x000005b2       0x6a ./Core/Src/main.o
 .debug_macro   0x0000061c      0x1df ./Core/Src/main.o
 .debug_macro   0x000007fb       0x1c ./Core/Src/main.o
 .debug_macro   0x00000817       0x22 ./Core/Src/main.o
 .debug_macro   0x00000839       0xfb ./Core/Src/main.o
 .debug_macro   0x00000934     0x1011 ./Core/Src/main.o
 .debug_macro   0x00001945      0x11f ./Core/Src/main.o
 .debug_macro   0x00001a64    0x1a192 ./Core/Src/main.o
 .debug_macro   0x0001bbf6       0x6d ./Core/Src/main.o
 .debug_macro   0x0001bc63     0x38fb ./Core/Src/main.o
 .debug_macro   0x0001f55e      0x190 ./Core/Src/main.o
 .debug_macro   0x0001f6ee       0x5c ./Core/Src/main.o
 .debug_macro   0x0001f74a     0x159e ./Core/Src/main.o
 .debug_macro   0x00020ce8      0x5a5 ./Core/Src/main.o
 .debug_macro   0x0002128d      0x1b9 ./Core/Src/main.o
 .debug_macro   0x00021446      0x18b ./Core/Src/main.o
 .debug_macro   0x000215d1      0x2c4 ./Core/Src/main.o
 .debug_macro   0x00021895      0x27a ./Core/Src/main.o
 .debug_macro   0x00021b0f      0x23d ./Core/Src/main.o
 .debug_macro   0x00021d4c      0x241 ./Core/Src/main.o
 .debug_macro   0x00021f8d      0x37c ./Core/Src/main.o
 .debug_macro   0x00022309       0xd6 ./Core/Src/main.o
 .debug_macro   0x000223df      0x122 ./Core/Src/main.o
 .debug_macro   0x00022501      0x3ef ./Core/Src/main.o
 .debug_macro   0x000228f0      0x330 ./Core/Src/main.o
 .debug_macro   0x00022c20      0x1b1 ./Core/Src/stm32l4xx_hal_msp.o
 .debug_macro   0x00022dd1      0x1bb ./Core/Src/stm32l4xx_it.o
 .debug_macro   0x00022f8c      0x1ad ./Core/Src/system_stm32l4xx.o
 .debug_macro   0x00023139      0x1f5 ./Drivers/STM32L4xx_HAL_Driver/Src/stm32l4xx_hal.o
 .debug_macro   0x0002332e      0x1a7 ./Drivers/STM32L4xx_HAL_Driver/Src/stm32l4xx_hal_cortex.o
 .debug_macro   0x000234d5      0x1cb ./Drivers/STM32L4xx_HAL_Driver/Src/stm32l4xx_hal_pwr_ex.o
 .debug_macro   0x000236a0      0x1e9 ./Drivers/STM32L4xx_HAL_Driver/Src/stm32l4xx_hal_rcc.o

.debug_line     0x00000000     0x4e77
 .debug_line    0x00000000      0x7b9 ./Core/Src/main.o
 .debug_line    0x000007b9      0x642 ./Core/Src/stm32l4xx_hal_msp.o
 .debug_line    0x00000dfb      0x6f1 ./Core/Src/stm32l4xx_it.o
 .debug_line    0x000014ec      0x71c ./Core/Src/system_stm32l4xx.o
 .debug_line    0x00001c08       0x7a ./Core/Startup/startup_stm32l476rgtx.o
 .debug_line    0x00001c82      0xa4b ./Drivers/STM32L4xx_HAL_Driver/Src/stm32l4xx_hal.o
 .debug_line    0x000026cd      0xbe3 ./Drivers/STM32L4xx_HAL_Driver/Src/stm32l4xx_hal_cortex.o
 .debug_line    0x000032b0      0xc2a ./Drivers/STM32L4xx_HAL_Driver/Src/stm32l4xx_hal_pwr_ex.o
 .debug_line    0x00003eda      0xf9d ./Drivers/STM32L4xx_HAL_Driver/Src/stm32l4xx_hal_rcc.o

.debug_str      0x00000000    0xdfb6f
 .debug_str     0x00000000    0xdfb6f ./Core/Src/main.o
                              0xde9aa (size before relaxing)
 .debug_str     0x000dfb6f    0xde1f1 ./Core/Src/stm32l4xx_hal_msp.o
 .debug_str     0x000dfb6f    0xde12a ./Core/Src/stm32l4xx_it.o
 .debug_str     0x000dfb6f    0xde2c1 ./Core/Src/system_stm32l4xx.o
 .debug_str     0x000dfb6f       0x82 ./Core/Startup/startup_stm32l476rgtx.o
 .debug_str     0x000dfb6f    0xdee4e ./Drivers/STM32L4xx_HAL_Driver/Src/stm32l4xx_hal.o
 .debug_str     0x000dfb6f    0xdeb1f ./Drivers/STM32L4xx_HAL_Driver/Src/stm32l4xx_hal_cortex.o
 .debug_str     0x000dfb6f    0xde801 ./Drivers/STM32L4xx_HAL_Driver/Src/stm32l4xx_hal_pwr_ex.o
 .debug_str     0x000dfb6f    0xde8ec ./Drivers/STM32L4xx_HAL_Driver/Src/stm32l4xx_hal_rcc.o

.comment        0x00000000       0x43
 .comment       0x00000000       0x43 ./Core/Src/main.o
                                 0x44 (size before relaxing)
 .comment       0x00000043       0x44 ./Core/Src/stm32l4xx_hal_msp.o
 .comment       0x00000043       0x44 ./Core/Src/stm32l4xx_it.o
 .comment       0x00000043       0x44 ./Core/Src/system_stm32l4xx.o
 .comment       0x00000043       0x44 ./Drivers/STM32L4xx_HAL_Driver/Src/stm32l4xx_hal.o
 .comment       0x00000043       0x44 ./Drivers/STM32L4xx_HAL_Driver/Src/stm32l4xx_hal_cortex.o
 .comment       0x00000043       0x44 ./Drivers/STM32L4xx_HAL_Driver/Src/stm32l4xx_hal_pwr_ex.o
 .comment       0x00000043       0x44 ./Drivers/STM32L4xx_HAL_Driver/Src/stm32l4xx_hal_rcc.o

.debug_frame    0x00000000     0x1238
 .debug_frame   0x00000000       0xc4 ./Core/Src/main.o
 .debug_frame   0x000000c4       0x34 ./Core/Src/stm32l4xx_hal_msp.o
 .debug_frame   0x000000f8       0xf8 ./Core/Src/stm32l4xx_it.o
 .debug_frame   0x000001f0       0x50 ./Core/Src/system_stm32l4xx.o
 .debug_frame   0x00000240      0x424 ./Drivers/STM32L4xx_HAL_Driver/Src/stm32l4xx_hal.o
 .debug_frame   0x00000664      0x49c ./Drivers/STM32L4xx_HAL_Driver/Src/stm32l4xx_hal_cortex.o
 .debug_frame   0x00000b00      0x4ec ./Drivers/STM32L4xx_HAL_Driver/Src/stm32l4xx_hal_pwr_ex.o
 .debug_frame   0x00000fec      0x200 ./Drivers/STM32L4xx_HAL_Driver/Src/stm32l4xx_hal_rcc.o
 .debug_frame   0x000011ec       0x20 /opt/st/stm32cubeide_2.1.1/plugins/com.st.stm32cube.ide.mcu.externaltools.gnu-tools-for-stm32.14.3.rel1.linux64_1.0.100.202602081740/tools/bin/../lib/gcc/arm-none-eabi/14.3.1/../../../../arm-none-eabi/lib/thumb/v7e-m+fp/hard/libc_nano.a(libc_a-memset.o)
 .debug_frame   0x0000120c       0x2c /opt/st/stm32cubeide_2.1.1/plugins/com.st.stm32cube.ide.mcu.externaltools.gnu-tools-for-stm32.14.3.rel1.linux64_1.0.100.202602081740/tools/bin/../lib/gcc/arm-none-eabi/14.3.1/../../../../arm-none-eabi/lib/thumb/v7e-m+fp/hard/libc_nano.a(libc_a-init.o)

.debug_line_str
                0x00000000       0x66
 .debug_line_str
                0x00000000       0x66 ./Core/Startup/startup_stm32l476rgtx.o
