../Drivers/CMSIS/Include/core_cm4.h:1679:22:__NVIC_EnableIRQ	16	static,ignoring_inline_asm
../Core/Src/main.c:59:6:led_init	4	static
../Core/Src/main.c:75:6:btn_init	8	static
../Core/Src/main.c:98:6:uart_init	8	static
../Core/Src/main.c:134:6:i2c_init	4	static
../Core/Src/main.c:161:6:oled_init	16	static
../Core/Src/main.c:170:6:timer_init	8	static
../Core/Src/main.c:196:5:main	8	static
../Core/Src/main.c:236:6:SystemClock_Config	96	static
../Core/Src/main.c:290:6:Error_Handler	4	static,ignoring_inline_asm
