../Drivers/CMSIS/Include/core_cm4.h:1679:22:__NVIC_EnableIRQ	16	static,ignoring_inline_asm
../Core/Src/main.c:60:6:led_init	4	static
../Core/Src/main.c:76:6:btn_init	8	static
../Core/Src/main.c:99:6:uart_init	8	static
../Core/Src/main.c:135:6:spi_init	4	static
../Core/Src/main.c:176:6:i2c_init	4	static
../Core/Src/main.c:203:6:oled_init	16	static
../Core/Src/main.c:212:6:timer_init	8	static
../Core/Src/main.c:238:5:main	16	static
../Core/Src/main.c:290:6:SystemClock_Config	96	static
../Core/Src/main.c:344:6:Error_Handler	4	static,ignoring_inline_asm
