Archive member included to satisfy reference by file (symbol)

/opt/st/stm32cubeide_2.1.1/plugins/com.st.stm32cube.ide.mcu.externaltools.gnu-tools-for-stm32.14.3.rel1.linux64_1.0.100.202602081740/tools/bin/../lib/gcc/arm-none-eabi/14.3.1/../../../../arm-none-eabi/lib/thumb/v7e-m+fp/hard/libc_nano.a(libc_a-exit.o)
                              /opt/st/stm32cubeide_2.1.1/plugins/com.st.stm32cube.ide.mcu.externaltools.gnu-tools-for-stm32.14.3.rel1.linux64_1.0.100.202602081740/tools/bin/../lib/gcc/arm-none-eabi/14.3.1/../../../../arm-none-eabi/lib/thumb/v7e-m+fp/hard/crt0.o (exit)
/opt/st/stm32cubeide_2.1.1/plugins/com.st.stm32cube.ide.mcu.externaltools.gnu-tools-for-stm32.14.3.rel1.linux64_1.0.100.202602081740/tools/bin/../lib/gcc/arm-none-eabi/14.3.1/../../../../arm-none-eabi/lib/thumb/v7e-m+fp/hard/libc_nano.a(libc_a-strtol.o)
                              ./Core/Src/console.o (strtol)
/opt/st/stm32cubeide_2.1.1/plugins/com.st.stm32cube.ide.mcu.externaltools.gnu-tools-for-stm32.14.3.rel1.linux64_1.0.100.202602081740/tools/bin/../lib/gcc/arm-none-eabi/14.3.1/../../../../arm-none-eabi/lib/thumb/v7e-m+fp/hard/libc_nano.a(libc_a-ctype_.o)
                              /opt/st/stm32cubeide_2.1.1/plugins/com.st.stm32cube.ide.mcu.externaltools.gnu-tools-for-stm32.14.3.rel1.linux64_1.0.100.202602081740/tools/bin/../lib/gcc/arm-none-eabi/14.3.1/../../../../arm-none-eabi/lib/thumb/v7e-m+fp/hard/libc_nano.a(libc_a-strtol.o) (_ctype_)
/opt/st/stm32cubeide_2.1.1/plugins/com.st.stm32cube.ide.mcu.externaltools.gnu-tools-for-stm32.14.3.rel1.linux64_1.0.100.202602081740/tools/bin/../lib/gcc/arm-none-eabi/14.3.1/../../../../arm-none-eabi/lib/thumb/v7e-m+fp/hard/libc_nano.a(libc_a-findfp.o)
                              /opt/st/stm32cubeide_2.1.1/plugins/com.st.stm32cube.ide.mcu.externaltools.gnu-tools-for-stm32.14.3.rel1.linux64_1.0.100.202602081740/tools/bin/../lib/gcc/arm-none-eabi/14.3.1/../../../../arm-none-eabi/lib/thumb/v7e-m+fp/hard/libc_nano.a(libc_a-exit.o) (__stdio_exit_handler)
/opt/st/stm32cubeide_2.1.1/plugins/com.st.stm32cube.ide.mcu.externaltools.gnu-tools-for-stm32.14.3.rel1.linux64_1.0.100.202602081740/tools/bin/../lib/gcc/arm-none-eabi/14.3.1/../../../../arm-none-eabi/lib/thumb/v7e-m+fp/hard/libc_nano.a(libc_a-fwalk.o)
                              /opt/st/stm32cubeide_2.1.1/plugins/com.st.stm32cube.ide.mcu.externaltools.gnu-tools-for-stm32.14.3.rel1.linux64_1.0.100.202602081740/tools/bin/../lib/gcc/arm-none-eabi/14.3.1/../../../../arm-none-eabi/lib/thumb/v7e-m+fp/hard/libc_nano.a(libc_a-findfp.o) (_fwalk_sglue)
/opt/st/stm32cubeide_2.1.1/plugins/com.st.stm32cube.ide.mcu.externaltools.gnu-tools-for-stm32.14.3.rel1.linux64_1.0.100.202602081740/tools/bin/../lib/gcc/arm-none-eabi/14.3.1/../../../../arm-none-eabi/lib/thumb/v7e-m+fp/hard/libc_nano.a(libc_a-stdio.o)
                              /opt/st/stm32cubeide_2.1.1/plugins/com.st.stm32cube.ide.mcu.externaltools.gnu-tools-for-stm32.14.3.rel1.linux64_1.0.100.202602081740/tools/bin/../lib/gcc/arm-none-eabi/14.3.1/../../../../arm-none-eabi/lib/thumb/v7e-m+fp/hard/libc_nano.a(libc_a-findfp.o) (__sread)
/opt/st/stm32cubeide_2.1.1/plugins/com.st.stm32cube.ide.mcu.externaltools.gnu-tools-for-stm32.14.3.rel1.linux64_1.0.100.202602081740/tools/bin/../lib/gcc/arm-none-eabi/14.3.1/../../../../arm-none-eabi/lib/thumb/v7e-m+fp/hard/libc_nano.a(libc_a-memset.o)
                              /opt/st/stm32cubeide_2.1.1/plugins/com.st.stm32cube.ide.mcu.externaltools.gnu-tools-for-stm32.14.3.rel1.linux64_1.0.100.202602081740/tools/bin/../lib/gcc/arm-none-eabi/14.3.1/../../../../arm-none-eabi/lib/thumb/v7e-m+fp/hard/crt0.o (memset)
/opt/st/stm32cubeide_2.1.1/plugins/com.st.stm32cube.ide.mcu.externaltools.gnu-tools-for-stm32.14.3.rel1.linux64_1.0.100.202602081740/tools/bin/../lib/gcc/arm-none-eabi/14.3.1/../../../../arm-none-eabi/lib/thumb/v7e-m+fp/hard/libc_nano.a(libc_a-strncmp.o)
                              ./Core/Src/console.o (strncmp)
/opt/st/stm32cubeide_2.1.1/plugins/com.st.stm32cube.ide.mcu.externaltools.gnu-tools-for-stm32.14.3.rel1.linux64_1.0.100.202602081740/tools/bin/../lib/gcc/arm-none-eabi/14.3.1/../../../../arm-none-eabi/lib/thumb/v7e-m+fp/hard/libc_nano.a(libc_a-closer.o)
                              /opt/st/stm32cubeide_2.1.1/plugins/com.st.stm32cube.ide.mcu.externaltools.gnu-tools-for-stm32.14.3.rel1.linux64_1.0.100.202602081740/tools/bin/../lib/gcc/arm-none-eabi/14.3.1/../../../../arm-none-eabi/lib/thumb/v7e-m+fp/hard/libc_nano.a(libc_a-stdio.o) (_close_r)
/opt/st/stm32cubeide_2.1.1/plugins/com.st.stm32cube.ide.mcu.externaltools.gnu-tools-for-stm32.14.3.rel1.linux64_1.0.100.202602081740/tools/bin/../lib/gcc/arm-none-eabi/14.3.1/../../../../arm-none-eabi/lib/thumb/v7e-m+fp/hard/libc_nano.a(libc_a-reent.o)
[...]
Memory Configuration

Name             Origin             Length             Attributes
RAM              0x20000000         0x00018000         xrw
RAM2             0x10000000         0x00008000         xrw
FLASH            0x08000000         0x00100000         xr
*default*        0x00000000         0xffffffff

Linker script and memory map

LOAD /opt/st/stm32cubeide_2.1.1/plugins/com.st.stm32cube.ide.mcu.externaltools.gnu-tools-for-stm32.14.3.rel1.linux64_1.0.100.202602081740/tools/bin/../lib/gcc/arm-none-eabi/14.3.1/thumb/v7e-m+fp/hard/crti.o
LOAD /opt/st/stm32cubeide_2.1.1/plugins/com.st.stm32cube.ide.mcu.externaltools.gnu-tools-for-stm32.14.3.rel1.linux64_1.0.100.202602081740/tools/bin/../lib/gcc/arm-none-eabi/14.3.1/thumb/v7e-m+fp/hard/crtbegin.o
LOAD /opt/st/stm32cubeide_2.1.1/plugins/com.st.stm32cube.ide.mcu.externaltools.gnu-tools-for-stm32.14.3.rel1.linux64_1.0.100.202602081740/tools/bin/../lib/gcc/arm-none-eabi/14.3.1/../../../../arm-none-eabi/lib/thumb/v7e-m+fp/hard/crt0.o
LOAD ./Core/Src/console.o
LOAD ./Core/Src/led_control.o
LOAD ./Core/Src/main.o
LOAD ./Core/Src/oled.o
LOAD ./Core/Src/stm32l4xx_hal_msp.o
LOAD ./Core/Src/stm32l4xx_it.o
LOAD ./Core/Src/syscalls.o
LOAD ./Core/Src/sysmem.o
LOAD ./Core/Src/system_stm32l4xx.o
LOAD ./Core/Startup/startup_stm32l476rgtx.o
LOAD ./Drivers/STM32L4xx_HAL_Driver/Src/stm32l4xx_hal.o
LOAD ./Drivers/STM32L4xx_HAL_Driver/Src/stm32l4xx_hal_cortex.o
LOAD ./Drivers/STM32L4xx_HAL_Driver/Src/stm32l4xx_hal_dma.o
LOAD ./Drivers/STM32L4xx_HAL_Driver/Src/stm32l4xx_hal_dma_ex.o
LOAD ./Drivers/STM32L4xx_HAL_Driver/Src/stm32l4xx_hal_exti.o
LOAD ./Drivers/STM32L4xx_HAL_Driver/Src/stm32l4xx_hal_flash.o
LOAD ./Drivers/STM32L4xx_HAL_Driver/Src/stm32l4xx_hal_flash_ex.o
LOAD ./Drivers/STM32L4xx_HAL_Driver/Src/stm32l4xx_hal_flash_ramfunc.o
LOAD ./Drivers/STM32L4xx_HAL_Driver/Src/stm32l4xx_hal_gpio.o
LOAD ./Drivers/STM32L4xx_HAL_Driver/Src/stm32l4xx_hal_i2c.o
LOAD ./Drivers/STM32L4xx_HAL_Driver/Src/stm32l4xx_hal_i2c_ex.o
LOAD ./Drivers/STM32L4xx_HAL_Driver/Src/stm32l4xx_hal_pwr.o
LOAD ./Drivers/STM32L4xx_HAL_Driver/Src/stm32l4xx_hal_pwr_ex.o
LOAD ./Drivers/STM32L4xx_HAL_Driver/Src/stm32l4xx_hal_rcc.o
LOAD ./Drivers/STM32L4xx_HAL_Driver/Src/stm32l4xx_hal_rcc_ex.o
START GROUP
LOAD /opt/st/stm32cubeide_2.1.1/plugins/com.st.stm32cube.ide.mcu.externaltools.gnu-tools-for-stm32.14.3.rel1.linux64_1.0.100.202602081740/tools/bin/../lib/gcc/arm-none-eabi/14.3.1/../../../../arm-none-eabi/lib/thumb/v7e-m+fp/hard/libc_nano.a
LOAD /opt/st/stm32cubeide_2.1.1/plugins/com.st.stm32cube.ide.mcu.externaltools.gnu-tools-for-stm32.14.3.rel1.linux64_1.0.100.202602081740/tools/bin/../lib/gcc/arm-none-eabi/14.3.1/../../../../arm-none-eabi/lib/thumb/v7e-m+fp/hard/libm.a
END GROUP
START GROUP
LOAD /opt/st/stm32cubeide_2.1.1/plugins/com.st.stm32cube.ide.mcu.externaltools.gnu-tools-for-stm32.14.3.rel1.linux64_1.0.100.202602081740/tools/bin/../lib/gcc/arm-none-eabi/14.3.1/thumb/v7e-m+fp/hard/libgcc.a
LOAD /opt/st/stm32cubeide_2.1.1/plugins/com.st.stm32cube.ide.mcu.externaltools.gnu-tools-for-stm32.14.3.rel1.linux64_1.0.100.202602081740/tools/bin/../lib/gcc/arm-none-eabi/14.3.1/../../../../arm-none-eabi/lib/thumb/v7e-m+fp/hard/libc_nano.a
END GROUP
START GROUP
LOAD /opt/st/stm32cubeide_2.1.1/plugins/com.st.stm32cube.ide.mcu.externaltools.gnu-tools-for-stm32.14.3.rel1.linux64_1.0.100.202602081740/tools/bin/../lib/gcc/arm-none-eabi/14.3.1/thumb/v7e-m+fp/hard/libgcc.a
LOAD /opt/st/stm32cubeide_2.1.1/plugins/com.st.stm32cube.ide.mcu.externaltools.gnu-tools-for-stm32.14.3.rel1.linux64_1.0.100.202602081740/tools/bin/../lib/gcc/arm-none-eabi/14.3.1/../../../../arm-none-eabi/lib/thumb/v7e-m+fp/hard/libc_nano.a
LOAD /opt/st/stm32cubeide_2.1.1/plugins/com.st.stm32cube.ide.mcu.externaltools.gnu-tools-for-stm32.14.3.rel1.linux64_1.0.100.202602081740/tools/bin/../lib/gcc/arm-none-eabi/14.3.1/../../../../arm-none-eabi/lib/thumb/v7e-m+fp/hard/libnosys.a
END GROUP
START GROUP
LOAD /opt/st/stm32cubeide_2.1.1/plugins/com.st.stm32cube.ide.mcu.externaltools.gnu-tools-for-stm32.14.3.rel1.linux64_1.0.100.202602081740/tools/bin/../lib/gcc/arm-none-eabi/14.3.1/thumb/v7e-m+fp/hard/libgcc.a
LOAD /opt/st/stm32cubeide_2.1.1/plugins/com.st.stm32cube.ide.mcu.externaltools.gnu-tools-for-stm32.14.3.rel1.linux64_1.0.100.202602081740/tools/bin/../lib/gcc/arm-none-eabi/14.3.1/../../../../arm-none-eabi/lib/thumb/v7e-m+fp/hard/libc_nano.a
LOAD /opt/st/stm32cubeide_2.1.1/plugins/com.st.stm32cube.ide.mcu.externaltools.gnu-tools-for-stm32.14.3.rel1.linux64_1.0.100.202602081740/tools/bin/../lib/gcc/arm-none-eabi/14.3.1/../../../../arm-none-eabi/lib/thumb/v7e-m+fp/hard/libnosys.a
END GROUP
LOAD /opt/st/stm32cubeide_2.1.1/plugins/com.st.stm32cube.ide.mcu.externaltools.gnu-tools-for-stm32.14.3.rel1.linux64_1.0.100.202602081740/tools/bin/../lib/gcc/arm-none-eabi/14.3.1/thumb/v7e-m+fp/hard/crtend.o
LOAD /opt/st/stm32cubeide_2.1.1/plugins/com.st.stm32cube.ide.mcu.externaltools.gnu-tools-for-stm32.14.3.rel1.linux64_1.0.100.202602081740/tools/bin/../lib/gcc/arm-none-eabi/14.3.1/thumb/v7e-m+fp/hard/crtn.o
                0x20018000                        _estack = (ORIGIN (RAM) + LENGTH (RAM))
                0x00000200                        _Min_Heap_Size = 0x200
                0x00000400                        _Min_Stack_Size = 0x400

.isr_vector     0x08000000      0x188
                0x08000000                        . = ALIGN (0x4)
 *(.isr_vector)
 .isr_vector    0x08000000      0x188 ./Core/Startup/startup_stm32l476rgtx.o
                0x08000000                g_pfnVectors
                0x08000188                        . = ALIGN (0x4)

.text           0x08000188     0x2190
                0x08000188                        . = ALIGN (0x4)
 *(.text)
 .text          0x08000188       0x40 /opt/st/stm32cubeide_2.1.1/plugins/com.st.stm32cube.ide.mcu.externaltools.gnu-tools-for-stm32.14.3.rel1.linux64_1.0.100.202602081740/tools/bin/../lib/gcc/arm-none-eabi/14.3.1/thumb/v7e-m+fp/hard/crtbegin.o
 .text          0x080001c8       0x14 /opt/st/stm32cubeide_2.1.1/plugins/com.st.stm32cube.ide.mcu.externaltools.gnu-tools-for-stm32.14.3.rel1.linux64_1.0.100.202602081740/tools/bin/../lib/gcc/arm-none-eabi/14.3.1/../../../../arm-none-eabi/lib/thumb/v7e-m+fp/hard/libc_nano.a(libc_a-strcmp.o)
                0x080001c8                strcmp
 *(.text*)
 .text.oled_execute_led_pattern
                0x080001dc       0x30 ./Core/Src/console.o
                0x080001dc                oled_execute_led_pattern
 .text.EXTI9_5_IRQHandler
                0x0800020c       0x74 ./Core/Src/console.o
                0x0800020c                EXTI9_5_IRQHandler
 .text.EXTI15_10_IRQHandler
                0x08000280       0x80 ./Core/Src/console.o
                0x08000280                EXTI15_10_IRQHandler
 .text.uart_sendchar
                0x08000300       0x30 ./Core/Src/console.o
                0x08000300                uart_sendchar
 .text.uart_sendstring
                0x08000330       0x2c ./Core/Src/console.o
                0x08000330                uart_sendstring
 .text.USART2_IRQHandler
                0x0800035c       0x60 ./Core/Src/console.o
                0x0800035c                USART2_IRQHandler
 .text.parse_command
                0x080003bc       0xe8 ./Core/Src/console.o
                0x080003bc                parse_command
 .text.console_init
                0x080004a4       0xe4 ./Core/Src/console.o
                0x080004a4                console_init
 .text.trigger_error
                0x08000588       0x30 ./Core/Src/led_control.o
                0x08000588                trigger_error
 .text.process_error_led
                0x080005b8       0x40 ./Core/Src/led_control.o
                0x080005b8                process_error_led
 .text.TIM2_IRQHandler
                0x080005f8       0xd8 ./Core/Src/led_control.o
                0x080005f8                TIM2_IRQHandler
 .text.fast_blink
                0x080006d0       0x64 ./Core/Src/led_control.o
                0x080006d0                fast_blink
 .text.slow_blink
                0x08000734       0x64 ./Core/Src/led_control.o
                0x08000734                slow_blink
 .text.pwm_start
                0x08000798       0x7c ./Core/Src/led_control.o
                0x08000798                pwm_start
 .text.pwm_animation
                0x08000814       0x74 ./Core/Src/led_control.o
                0x08000814                pwm_animation
 .text.count    0x08000888       0x80 ./Core/Src/led_control.o
                0x08000888                count
 .text.__NVIC_EnableIRQ
                0x08000908       0x3c ./Core/Src/main.o
 .text.led_init
                0x08000944       0x80 ./Core/Src/main.o
                0x08000944                led_init
 .text.btn_init
                0x080009c4       0xc8 ./Core/Src/main.o
                0x080009c4                btn_init
 .text.uart_init
                0x08000a8c       0xe0 ./Core/Src/main.o
                0x08000a8c                uart_init
 .text.i2c_init
                0x08000b6c       0xa8 ./Core/Src/main.o
                0x08000b6c                i2c_init
 .text.oled_init
                0x08000c14       0x48 ./Core/Src/main.o
                0x08000c14                oled_init
 .text.timer_init
                0x08000c5c       0x6c ./Core/Src/main.o
                0x08000c5c                timer_init
 .text.main     0x08000cc8       0x34 ./Core/Src/main.o
                0x08000cc8                main
 .text.SystemClock_Config
                0x08000cfc       0xa4 ./Core/Src/main.o
                0x08000cfc                SystemClock_Config
 .text.Error_Handler
                0x08000da0        0xc ./Core/Src/main.o
                0x08000da0                Error_Handler
 .text.oled_write_packet
                0x08000dac       0xd8 ./Core/Src/oled.o
 .text.oled_send_cmd
                0x08000e84       0x1c ./Core/Src/oled.o
                0x08000e84                oled_send_cmd
 .text.oled_send_data
                0x08000ea0       0x1c ./Core/Src/oled.o
                0x08000ea0                oled_send_data
 .text.oled_clear
                0x08000ebc       0x54 ./Core/Src/oled.o
                0x08000ebc                oled_clear
 .text.oled_draw_char
                0x08000f10       0xac ./Core/Src/oled.o
                0x08000f10                oled_draw_char
 .text.oled_print_str
                0x08000fbc       0x70 ./Core/Src/oled.o
                0x08000fbc                oled_print_str
 .text.oled_print_str_highlight
                0x0800102c       0x70 ./Core/Src/oled.o
                0x0800102c                oled_print_str_highlight
 .text.print_setting_oled
                0x0800109c       0x60 ./Core/Src/oled.o
                0x0800109c                print_setting_oled
 .text.HAL_MspInit
                0x080010fc       0x48 ./Core/Src/stm32l4xx_hal_msp.o
                0x080010fc                HAL_MspInit
 .text.NMI_Handler
                0x08001144        0x8 ./Core/Src/stm32l4xx_it.o
                0x08001144                NMI_Handler
 .text.HardFault_Handler
                0x0800114c        0x8 ./Core/Src/stm32l4xx_it.o
                0x0800114c                HardFault_Handler
 .text.MemManage_Handler
                0x08001154        0x8 ./Core/Src/stm32l4xx_it.o
                0x08001154                MemManage_Handler
 .text.BusFault_Handler
                0x0800115c        0x8 ./Core/Src/stm32l4xx_it.o
                0x0800115c                BusFault_Handler
 .text.UsageFault_Handler
                0x08001164        0x8 ./Core/Src/stm32l4xx_it.o
                0x08001164                UsageFault_Handler
 .text.SVC_Handler
                0x0800116c        0xe ./Core/Src/stm32l4xx_it.o
                0x0800116c                SVC_Handler
 .text.DebugMon_Handler
                0x0800117a        0xe ./Core/Src/stm32l4xx_it.o
                0x0800117a                DebugMon_Handler
 .text.PendSV_Handler
                0x08001188        0xe ./Core/Src/stm32l4xx_it.o
                0x08001188                PendSV_Handler
 .text.SysTick_Handler
                0x08001196        0xc ./Core/Src/stm32l4xx_it.o
                0x08001196                SysTick_Handler
 *fill*         0x080011a2        0x2 
 .text.SystemInit
                0x080011a4       0x6c ./Core/Src/system_stm32l4xx.o
                0x080011a4                SystemInit
 .text.Reset_Handler
                0x08001210       0x50 ./Core/Startup/startup_stm32l476rgtx.o
                0x08001210                Reset_Handler
 .text.Default_Handler
                0x08001260        0x2 ./Core/Startup/startup_stm32l476rgtx.o
                0x08001260                RTC_Alarm_IRQHandler
                0x08001260                EXTI2_IRQHandler
                0x08001260                TIM8_TRG_COM_IRQHandler
                0x08001260                TIM8_CC_IRQHandler
                0x08001260                TIM1_CC_IRQHandler
                0x08001260                TSC_IRQHandler
                0x08001260                TAMP_STAMP_IRQHandler
                0x08001260                EXTI3_IRQHandler
                0x08001260                LPTIM2_IRQHandler
                0x08001260                DFSDM1_FLT1_IRQHandler
                0x08001260                I2C3_ER_IRQHandler
                0x08001260                DFSDM1_FLT2_IRQHandler
                0x08001260                EXTI0_IRQHandler
                0x08001260                I2C2_EV_IRQHandler
                0x08001260                CAN1_RX0_IRQHandler
                0x08001260                FPU_IRQHandler
                0x08001260                TIM1_UP_TIM16_IRQHandler
                0x08001260                ADC1_2_IRQHandler
                0x08001260                SPI1_IRQHandler
                0x08001260                TIM6_DAC_IRQHandler
                0x08001260                TIM8_UP_IRQHandler
                0x08001260                DMA2_Channel2_IRQHandler
                0x08001260                DMA1_Channel4_IRQHandler
                0x08001260                SAI2_IRQHandler
                0x08001260                DFSDM1_FLT3_IRQHandler
                0x08001260                USART3_IRQHandler
                0x08001260                DMA1_Channel7_IRQHandler
                0x08001260                CAN1_RX1_IRQHandler
                0x08001260                LCD_IRQHandler
                0x08001260                UART5_IRQHandler
                0x08001260                ADC3_IRQHandler
                0x08001260                TIM4_IRQHandler
                0x08001260                DMA2_Channel1_IRQHandler
                0x08001260                QUADSPI_IRQHandler
                0x08001260                I2C1_EV_IRQHandler
                0x08001260                DMA1_Channel6_IRQHandler
                0x08001260                UART4_IRQHandler
                0x08001260                DMA2_Channel4_IRQHandler
                0x08001260                TIM3_IRQHandler
                0x08001260                RCC_IRQHandler
                0x08001260                DMA1_Channel1_IRQHandler
                0x08001260                Default_Handler
                0x08001260                DMA2_Channel7_IRQHandler
                0x08001260                TIM7_IRQHandler
                0x08001260                SDMMC1_IRQHandler
                0x08001260                TIM5_IRQHandler
                0x08001260                I2C3_EV_IRQHandler
                0x08001260                RTC_WKUP_IRQHandler
                0x08001260                PVD_PVM_IRQHandler
                0x08001260                SPI2_IRQHandler
                0x08001260                CAN1_TX_IRQHandler
                0x08001260                DMA2_Channel5_IRQHandler
                0x08001260                DMA1_Channel5_IRQHandler
                0x08001260                EXTI4_IRQHandler
                0x08001260                RNG_IRQHandler
                0x08001260                TIM1_TRG_COM_TIM17_IRQHandler
                0x08001260                DMA1_Channel3_IRQHandler
                0x08001260                COMP_IRQHandler
                0x08001260                WWDG_IRQHandler
                0x08001260                LPUART1_IRQHandler
                0x08001260                DMA2_Channel6_IRQHandler
                0x08001260                EXTI1_IRQHandler
                0x08001260                DFSDM1_FLT0_IRQHandler
                0x08001260                I2C2_ER_IRQHandler
                0x08001260                DMA1_Channel2_IRQHandler
                0x08001260                TIM8_BRK_IRQHandler
                0x08001260                CAN1_SCE_IRQHandler
                0x08001260                FLASH_IRQHandler
                0x08001260                USART1_IRQHandler
                0x08001260                OTG_FS_IRQHandler
                0x08001260                SPI3_IRQHandler
                0x08001260                I2C1_ER_IRQHandler
                0x08001260                FMC_IRQHandler
                0x08001260                SWPMI1_IRQHandler
                0x08001260                LPTIM1_IRQHandler
                0x08001260                SAI1_IRQHandler
                0x08001260                DMA2_Channel3_IRQHandler
                0x08001260                TIM1_BRK_TIM15_IRQHandler
 .text.HAL_Init
                0x08001262       0x30 ./Drivers/STM32L4xx_HAL_Driver/Src/stm32l4xx_hal.o
                0x08001262                HAL_Init
 *fill*         0x08001292        0x2 
 .text.HAL_InitTick
                0x08001294       0x78 ./Drivers/STM32L4xx_HAL_Driver/Src/stm32l4xx_hal.o
                0x08001294                HAL_InitTick
 .text.HAL_IncTick
                0x0800130c       0x28 ./Drivers/STM32L4xx_HAL_Driver/Src/stm32l4xx_hal.o
                0x0800130c                HAL_IncTick
 .text.HAL_GetTick
                0x08001334       0x18 ./Drivers/STM32L4xx_HAL_Driver/Src/stm32l4xx_hal.o
                0x08001334                HAL_GetTick
 .text.__NVIC_SetPriorityGrouping
                0x0800134c       0x48 ./Drivers/STM32L4xx_HAL_Driver/Src/stm32l4xx_hal_cortex.o
 .text.__NVIC_GetPriorityGrouping
                0x08001394       0x1c ./Drivers/STM32L4xx_HAL_Driver/Src/stm32l4xx_hal_cortex.o
 .text.__NVIC_SetPriority
                0x080013b0       0x54 ./Drivers/STM32L4xx_HAL_Driver/Src/stm32l4xx_hal_cortex.o
 .text.NVIC_EncodePriority
                0x08001404       0x66 ./Drivers/STM32L4xx_HAL_Driver/Src/stm32l4xx_hal_cortex.o
 *fill*         0x0800146a        0x2 
 .text.SysTick_Config
                0x0800146c       0x44 ./Drivers/STM32L4xx_HAL_Driver/Src/stm32l4xx_hal_cortex.o
 .text.HAL_NVIC_SetPriorityGrouping
                0x080014b0       0x16 ./Drivers/STM32L4xx_HAL_Driver/Src/stm32l4xx_hal_cortex.o
                0x080014b0                HAL_NVIC_SetPriorityGrouping
 .text.HAL_NVIC_SetPriority
                0x080014c6       0x38 ./Drivers/STM32L4xx_HAL_Driver/Src/stm32l4xx_hal_cortex.o
                0x080014c6                HAL_NVIC_SetPriority
 .text.HAL_SYSTICK_Config
                0x080014fe       0x18 ./Drivers/STM32L4xx_HAL_Driver/Src/stm32l4xx_hal_cortex.o
                0x080014fe                HAL_SYSTICK_Config
 *fill*         0x08001516        0x2 
 .text.HAL_PWREx_GetVoltageRange
                0x08001518       0x1c ./Drivers/STM32L4xx_HAL_Driver/Src/stm32l4xx_hal_pwr_ex.o
                0x08001518                HAL_PWREx_GetVoltageRange
 .text.HAL_PWREx_ControlVoltageScaling
                0x08001534       0xac ./Drivers/STM32L4xx_HAL_Driver/Src/stm32l4xx_hal_pwr_ex.o
                0x08001534                HAL_PWREx_ControlVoltageScaling
 .text.HAL_RCC_OscConfig
                0x080015e0      0x7b8 ./Drivers/STM32L4xx_HAL_Driver/Src/stm32l4xx_hal_rcc.o
                0x080015e0                HAL_RCC_OscConfig
 .text.HAL_RCC_ClockConfig
                0x08001d98      0x200 ./Drivers/STM32L4xx_HAL_Driver/Src/stm32l4xx_hal_rcc.o
                0x08001d98                HAL_RCC_ClockConfig
 .text.HAL_RCC_GetSysClockFreq
                0x08001f98      0x118 ./Drivers/STM32L4xx_HAL_Driver/Src/stm32l4xx_hal_rcc.o
                0x08001f98                HAL_RCC_GetSysClockFreq
 .text.RCC_SetFlashLatencyFromMSIRange
                0x080020b0       0xc0 ./Drivers/STM32L4xx_HAL_Driver/Src/stm32l4xx_hal_rcc.o
 .text._strtol_l.isra.0
                0x08002170       0xf4 /opt/st/stm32cubeide_2.1.1/plugins/com.st.stm32cube.ide.mcu.externaltools.gnu-tools-for-stm32.14.3.rel1.linux64_1.0.100.202602081740/tools/bin/../lib/gcc/arm-none-eabi/14.3.1/../../../../arm-none-eabi/lib/thumb/v7e-m+fp/hard/libc_nano.a(libc_a-strtol.o)
 .text.strtol   0x08002264       0x14 /opt/st/stm32cubeide_2.1.1/plugins/com.st.stm32cube.ide.mcu.externaltools.gnu-tools-for-stm32.14.3.rel1.linux64_1.0.100.202602081740/tools/bin/../lib/gcc/arm-none-eabi/14.3.1/../../../../arm-none-eabi/lib/thumb/v7e-m+fp/hard/libc_nano.a(libc_a-strtol.o)
                0x08002264                strtol
 .text.memset   0x08002278       0x10 /opt/st/stm32cubeide_2.1.1/plugins/com.st.stm32cube.ide.mcu.externaltools.gnu-tools-for-stm32.14.3.rel1.linux64_1.0.100.202602081740/tools/bin/../lib/gcc/arm-none-eabi/14.3.1/../../../../arm-none-eabi/lib/thumb/v7e-m+fp/hard/libc_nano.a(libc_a-memset.o)
                0x08002278                memset
 .text.strncmp  0x08002288       0x24 /opt/st/stm32cubeide_2.1.1/plugins/com.st.stm32cube.ide.mcu.externaltools.gnu-tools-for-stm32.14.3.rel1.linux64_1.0.100.202602081740/tools/bin/../lib/gcc/arm-none-eabi/14.3.1/../../../../arm-none-eabi/lib/thumb/v7e-m+fp/hard/libc_nano.a(libc_a-strncmp.o)
                0x08002288                strncmp
 .text.__errno  0x080022ac        0xc /opt/st/stm32cubeide_2.1.1/plugins/com.st.stm32cube.ide.mcu.externaltools.gnu-tools-for-stm32.14.3.rel1.linux64_1.0.100.202602081740/tools/bin/../lib/gcc/arm-none-eabi/14.3.1/../../../../arm-none-eabi/lib/thumb/v7e-m+fp/hard/libc_nano.a(libc_a-errno.o)
                0x080022ac                __errno
 .text.__libc_init_array
                0x080022b8       0x48 /opt/st/stm32cubeide_2.1.1/plugins/com.st.stm32cube.ide.mcu.externaltools.gnu-tools-for-stm32.14.3.rel1.linux64_1.0.100.202602081740/tools/bin/../lib/gcc/arm-none-eabi/14.3.1/../../../../arm-none-eabi/lib/thumb/v7e-m+fp/hard/libc_nano.a(libc_a-init.o)
                0x080022b8                __libc_init_array
 *(.glue_7)
 .glue_7        0x08002300        0x0 linker stubs
 *(.glue_7t)
 .glue_7t       0x08002300        0x0 linker stubs
 *(.eh_frame)
 .eh_frame      0x08002300        0x0 /opt/st/stm32cubeide_2.1.1/plugins/com.st.stm32cube.ide.mcu.externaltools.gnu-tools-for-stm32.14.3.rel1.linux64_1.0.100.202602081740/tools/bin/../lib/gcc/arm-none-eabi/14.3.1/thumb/v7e-m+fp/hard/crtbegin.o
 *(.init)
 .init          0x08002300        0x4 /opt/st/stm32cubeide_2.1.1/plugins/com.st.stm32cube.ide.mcu.externaltools.gnu-tools-for-stm32.14.3.rel1.linux64_1.0.100.202602081740/tools/bin/../lib/gcc/arm-none-eabi/14.3.1/thumb/v7e-m+fp/hard/crti.o
                0x08002300                _init
 .init          0x08002304        0x8 /opt/st/stm32cubeide_2.1.1/plugins/com.st.stm32cube.ide.mcu.externaltools.gnu-tools-for-stm32.14.3.rel1.linux64_1.0.100.202602081740/tools/bin/../lib/gcc/arm-none-eabi/14.3.1/thumb/v7e-m+fp/hard/crtn.o
 *(.fini)
 .fini          0x0800230c        0x4 /opt/st/stm32cubeide_2.1.1/plugins/com.st.stm32cube.ide.mcu.externaltools.gnu-tools-for-stm32.14.3.rel1.linux64_1.0.100.202602081740/tools/bin/../lib/gcc/arm-none-eabi/14.3.1/thumb/v7e-m+fp/hard/crti.o
                0x0800230c                _fini
 .fini          0x08002310        0x8 /opt/st/stm32cubeide_2.1.1/plugins/com.st.stm32cube.ide.mcu.externaltools.gnu-tools-for-stm32.14.3.rel1.linux64_1.0.100.202602081740/tools/bin/../lib/gcc/arm-none-eabi/14.3.1/thumb/v7e-m+fp/hard/crtn.o
                0x08002318                        . = ALIGN (0x4)
                0x08002318                        _etext = .

.vfp11_veneer   0x08002318        0x0
 .vfp11_veneer  0x08002318        0x0 linker stubs

.v4_bx          0x08002318        0x0
 .v4_bx         0x08002318        0x0 linker stubs

.iplt           0x08002318        0x0
 .iplt          0x08002318        0x0 /opt/st/stm32cubeide_2.1.1/plugins/com.st.stm32cube.ide.mcu.externaltools.gnu-tools-for-stm32.14.3.rel1.linux64_1.0.100.202602081740/tools/bin/../lib/gcc/arm-none-eabi/14.3.1/thumb/v7e-m+fp/hard/crtbegin.o

.rodata         0x08002318      0x730
                0x08002318                        . = ALIGN (0x4)
 *(.rodata)
 .rodata        0x08002318      0x273 ./Core/Src/console.o
 *fill*         0x0800258b        0x1 
 .rodata        0x0800258c       0xff ./Core/Src/led_control.o
 *fill*         0x0800268b        0x1 
 .rodata        0x0800268c       0x3a ./Core/Src/oled.o
 *(.rodata*)
 *fill*         0x080026c6        0x2 
 .rodata.font_6x8
                0x080026c8      0x23a ./Core/Src/oled.o
                0x080026c8                font_6x8
 *fill*         0x08002902        0x2 
 .rodata.AHBPrescTable
                0x08002904       0x10 ./Core/Src/system_stm32l4xx.o
                0x08002904                AHBPrescTable
 .rodata.MSIRangeTable
                0x08002914       0x30 ./Core/Src/system_stm32l4xx.o
                0x08002914                MSIRangeTable
 .rodata._ctype_
                0x08002944      0x101 /opt/st/stm32cubeide_2.1.1/plugins/com.st.stm32cube.ide.mcu.externaltools.gnu-tools-for-stm32.14.3.rel1.linux64_1.0.100.202602081740/tools/bin/../lib/gcc/arm-none-eabi/14.3.1/../../../../arm-none-eabi/lib/thumb/v7e-m+fp/hard/libc_nano.a(libc_a-ctype_.o)
                0x08002944                _ctype_
                0x08002a48                        . = ALIGN (0x4)
 *fill*         0x08002a45        0x3 

.ARM.extab      0x08002a48        0x0
                0x08002a48                        . = ALIGN (0x4)
 *(.ARM.extab* .gnu.linkonce.armextab.*)
                0x08002a48                        . = ALIGN (0x4)

.ARM            0x08002a48        0x8
                0x08002a48                        . = ALIGN (0x4)
                0x08002a48                        __exidx_start = .
 *(.ARM.exidx*)
 .ARM.exidx     0x08002a48        0x8 /opt/st/stm32cubeide_2.1.1/plugins/com.st.stm32cube.ide.mcu.externaltools.gnu-tools-for-stm32.14.3.rel1.linux64_1.0.100.202602081740/tools/bin/../lib/gcc/arm-none-eabi/14.3.1/../../../../arm-none-eabi/lib/thumb/v7e-m+fp/hard/libc_nano.a(libc_a-strcmp.o)
                0x08002a50                        __exidx_end = .
                0x08002a50                        . = ALIGN (0x4)

.preinit_array  0x08002a50        0x0
                0x08002a50                        . = ALIGN (0x4)
                0x08002a50                        PROVIDE (__preinit_array_start = .)
 *(.preinit_array*)
                0x08002a50                        PROVIDE (__preinit_array_end = .)
                0x08002a50                        . = ALIGN (0x4)

.init_array     0x08002a50        0x4
                0x08002a50                        . = ALIGN (0x4)
                0x08002a50                        PROVIDE (__init_array_start = .)
 *(SORT_BY_NAME(.init_array.*))
 *(.init_array*)
 .init_array    0x08002a50        0x4 /opt/st/stm32cubeide_2.1.1/plugins/com.st.stm32cube.ide.mcu.externaltools.gnu-tools-for-stm32.14.3.rel1.linux64_1.0.100.202602081740/tools/bin/../lib/gcc/arm-none-eabi/14.3.1/thumb/v7e-m+fp/hard/crtbegin.o
                0x08002a54                        PROVIDE (__init_array_end = .)
                0x08002a54                        . = ALIGN (0x4)

.fini_array     0x08002a54        0x4
                0x08002a54                        . = ALIGN (0x4)
                [!provide]                        PROVIDE (__fini_array_start = .)
 *(SORT_BY_NAME(.fini_array.*))
 *(.fini_array*)
 .fini_array    0x08002a54        0x4 /opt/st/stm32cubeide_2.1.1/plugins/com.st.stm32cube.ide.mcu.externaltools.gnu-tools-for-stm32.14.3.rel1.linux64_1.0.100.202602081740/tools/bin/../lib/gcc/arm-none-eabi/14.3.1/thumb/v7e-m+fp/hard/crtbegin.o
                [!provide]                        PROVIDE (__fini_array_end = .)
                0x08002a58                        . = ALIGN (0x4)
                0x08002a58                        _sidata = LOADADDR (.data)

.rel.dyn        0x08002a58        0x0
 .rel.iplt      0x08002a58        0x0 /opt/st/stm32cubeide_2.1.1/plugins/com.st.stm32cube.ide.mcu.externaltools.gnu-tools-for-stm32.14.3.rel1.linux64_1.0.100.202602081740/tools/bin/../lib/gcc/arm-none-eabi/14.3.1/thumb/v7e-m+fp/hard/crtbegin.o

.data           0x20000000       0x6c load address 0x08002a58
                0x20000000                        . = ALIGN (0x4)
                0x20000000                        _sdata = .
 *(.data)
 *(.data*)
 .data.anim_direction
                0x20000000        0x4 ./Core/Src/led_control.o
                0x20000000                anim_direction
 .data.led_setting
                0x20000004        0xc ./Core/Src/oled.o
 .data.SystemCoreClock
                0x20000010        0x4 ./Core/Src/system_stm32l4xx.o
                0x20000010                SystemCoreClock
 .data.uwTickPrio
                0x20000014        0x4 ./Drivers/STM32L4xx_HAL_Driver/Src/stm32l4xx_hal.o
                0x20000014                uwTickPrio
 .data.uwTickFreq
                0x20000018        0x1 ./Drivers/STM32L4xx_HAL_Driver/Src/stm32l4xx_hal.o
                0x20000018                uwTickFreq
 *fill*         0x20000019        0x3 
 .data._impure_ptr
                0x2000001c        0x4 /opt/st/stm32cubeide_2.1.1/plugins/com.st.stm32cube.ide.mcu.externaltools.gnu-tools-for-stm32.14.3.rel1.linux64_1.0.100.202602081740/tools/bin/../lib/gcc/arm-none-eabi/14.3.1/../../../../arm-none-eabi/lib/thumb/v7e-m+fp/hard/libc_nano.a(libc_a-impure.o)
                0x2000001c                _impure_ptr
 .data._impure_data
                0x20000020       0x4c /opt/st/stm32cubeide_2.1.1/plugins/com.st.stm32cube.ide.mcu.externaltools.gnu-tools-for-stm32.14.3.rel1.linux64_1.0.100.202602081740/tools/bin/../lib/gcc/arm-none-eabi/14.3.1/../../../../arm-none-eabi/lib/thumb/v7e-m+fp/hard/libc_nano.a(libc_a-impure.o)
                0x20000020                _impure_data
 *(.RamFunc)
 *(.RamFunc*)
                0x2000006c                        . = ALIGN (0x4)
                0x2000006c                        _edata = .

.igot.plt       0x2000006c        0x0 load address 0x08002ac4
 .igot.plt      0x2000006c        0x0 /opt/st/stm32cubeide_2.1.1/plugins/com.st.stm32cube.ide.mcu.externaltools.gnu-tools-for-stm32.14.3.rel1.linux64_1.0.100.202602081740/tools/bin/../lib/gcc/arm-none-eabi/14.3.1/thumb/v7e-m+fp/hard/crtbegin.o
                0x2000006c                        . = ALIGN (0x4)

.bss            0x2000006c      0x210 load address 0x08002ac4
                0x2000006c                        _sbss = .
                0x2000006c                        __bss_start__ = _sbss
 *(.bss)
 .bss           0x2000006c       0x1c /opt/st/stm32cubeide_2.1.1/plugins/com.st.stm32cube.ide.mcu.externaltools.gnu-tools-for-stm32.14.3.rel1.linux64_1.0.100.202602081740/tools/bin/../lib/gcc/arm-none-eabi/14.3.1/thumb/v7e-m+fp/hard/crtbegin.o
 *(.bss*)
 .bss.rx_buffer
                0x20000088       0x40 ./Core/Src/console.o
                0x20000088                rx_buffer
 .bss.head      0x200000c8        0x4 ./Core/Src/console.o
                0x200000c8                head
 .bss.tail      0x200000cc        0x4 ./Core/Src/console.o
                0x200000cc                tail
 .bss.cmd_buffer
                0x200000d0       0x40 ./Core/Src/console.o
                0x200000d0                cmd_buffer
 .bss.cmd_index
                0x20000110        0x4 ./Core/Src/console.o
                0x20000110                cmd_index
 .bss.last_press_time_pin9
                0x20000114        0x4 ./Core/Src/console.o
                0x20000114                last_press_time_pin9
 .bss.last_press_time_pin10
                0x20000118        0x4 ./Core/Src/console.o
                0x20000118                last_press_time_pin10
 .bss.current_setting
                0x2000011c        0x4 ./Core/Src/console.o
                0x2000011c                current_setting
 .bss.selected_setting
                0x20000120        0x4 ./Core/Src/console.o
                0x20000120                selected_setting
 .bss.is_animating
                0x20000124        0x1 ./Core/Src/led_control.o
                0x20000124                is_animating
 *fill*         0x20000125        0x3 
 .bss.current_anim_duty
                0x20000128        0x4 ./Core/Src/led_control.o
                0x20000128                current_anim_duty
 .bss.is_counting
                0x2000012c        0x1 ./Core/Src/led_control.o
                0x2000012c                is_counting
 *fill*         0x2000012d        0x3 
 .bss.count_value
                0x20000130        0x4 ./Core/Src/led_control.o
                0x20000130                count_value
 .bss.target_blinks
                0x20000134        0x4 ./Core/Src/led_control.o
                0x20000134                target_blinks
 .bss.error_start_time
                0x20000138        0x4 ./Core/Src/led_control.o
                0x20000138                error_start_time
 .bss.is_error_active
                0x2000013c        0x1 ./Core/Src/led_control.o
                0x2000013c                is_error_active
 *fill*         0x2000013d        0x3 
 .bss.uwTick    0x20000140        0x4 ./Drivers/STM32L4xx_HAL_Driver/Src/stm32l4xx_hal.o
                0x20000140                uwTick
 .bss.__sf      0x20000144      0x138 /opt/st/stm32cubeide_2.1.1/plugins/com.st.stm32cube.ide.mcu.externaltools.gnu-tools-for-stm32.14.3.rel1.linux64_1.0.100.202602081740/tools/bin/../lib/gcc/arm-none-eabi/14.3.1/../../../../arm-none-eabi/lib/thumb/v7e-m+fp/hard/libc_nano.a(libc_a-findfp.o)
                0x20000144                __sf
 *(COMMON)
                0x2000027c                        . = ALIGN (0x4)
                0x2000027c                        _ebss = .
                0x2000027c                        __bss_end__ = _ebss

._user_heap_stack
                0x2000027c      0x604 load address 0x08002ac4
                0x20000280                        . = ALIGN (0x8)
 *fill*         0x2000027c        0x4 
                [!provide]                        PROVIDE (end = .)
                0x20000280                        PROVIDE (_end = .)
                0x20000480                        . = (. + _Min_Heap_Size)
 *fill*         0x20000280      0x200 
                0x20000880                        . = (. + _Min_Stack_Size)
 *fill*         0x20000480      0x400 
                0x20000880                        . = ALIGN (0x8)

/DISCARD/
 libc.a(*)
 libm.a(*)
 libgcc.a(*)

.ARM.attributes
                0x00000000       0x30
 *(.ARM.attributes)
 .ARM.attributes
                0x00000000       0x22 /opt/st/stm32cubeide_2.1.1/plugins/com.st.stm32cube.ide.mcu.externaltools.gnu-tools-for-stm32.14.3.rel1.linux64_1.0.100.202602081740/tools/bin/../lib/gcc/arm-none-eabi/14.3.1/thumb/v7e-m+fp/hard/crti.o
 .ARM.attributes
                0x00000022       0x34 /opt/st/stm32cubeide_2.1.1/plugins/com.st.stm32cube.ide.mcu.externaltools.gnu-tools-for-stm32.14.3.rel1.linux64_1.0.100.202602081740/tools/bin/../lib/gcc/arm-none-eabi/14.3.1/thumb/v7e-m+fp/hard/crtbegin.o
 .ARM.attributes
                0x00000056       0x34 ./Core/Src/console.o
 .ARM.attributes
                0x0000008a       0x34 ./Core/Src/led_control.o
 .ARM.attributes
                0x000000be       0x34 ./Core/Src/main.o
 .ARM.attributes
                0x000000f2       0x34 ./Core/Src/oled.o
 .ARM.attributes
                0x00000126       0x34 ./Core/Src/stm32l4xx_hal_msp.o
 .ARM.attributes
                0x0000015a       0x34 ./Core/Src/stm32l4xx_it.o
 .ARM.attributes
                0x0000018e       0x34 ./Core/Src/system_stm32l4xx.o
 .ARM.attributes
                0x000001c2       0x21 ./Core/Startup/startup_stm32l476rgtx.o
 .ARM.attributes
                0x000001e3       0x34 ./Drivers/STM32L4xx_HAL_Driver/Src/stm32l4xx_hal.o
 .ARM.attributes
                0x00000217       0x34 ./Drivers/STM32L4xx_HAL_Driver/Src/stm32l4xx_hal_cortex.o
 .ARM.attributes
                0x0000024b       0x34 ./Drivers/STM32L4xx_HAL_Driver/Src/stm32l4xx_hal_pwr_ex.o
 .ARM.attributes
                0x0000027f       0x34 ./Drivers/STM32L4xx_HAL_Driver/Src/stm32l4xx_hal_rcc.o
 .ARM.attributes
                0x000002b3       0x34 /opt/st/stm32cubeide_2.1.1/plugins/com.st.stm32cube.ide.mcu.externaltools.gnu-tools-for-stm32.14.3.rel1.linux64_1.0.100.202602081740/tools/bin/../lib/gcc/arm-none-eabi/14.3.1/../../../../arm-none-eabi/lib/thumb/v7e-m+fp/hard/libc_nano.a(libc_a-strtol.o)
 .ARM.attributes
                0x000002e7       0x34 /opt/st/stm32cubeide_2.1.1/plugins/com.st.stm32cube.ide.mcu.externaltools.gnu-tools-for-stm32.14.3.rel1.linux64_1.0.100.202602081740/tools/bin/../lib/gcc/arm-none-eabi/14.3.1/../../../../arm-none-eabi/lib/thumb/v7e-m+fp/hard/libc_nano.a(libc_a-ctype_.o)
 .ARM.attributes
                0x0000031b       0x34 /opt/st/stm32cubeide_2.1.1/plugins/com.st.stm32cube.ide.mcu.externaltools.gnu-tools-for-stm32.14.3.rel1.linux64_1.0.100.202602081740/tools/bin/../lib/gcc/arm-none-eabi/14.3.1/../../../../arm-none-eabi/lib/thumb/v7e-m+fp/hard/libc_nano.a(libc_a-findfp.o)
 .ARM.attributes
                0x0000034f       0x34 /opt/st/stm32cubeide_2.1.1/plugins/com.st.stm32cube.ide.mcu.externaltools.gnu-tools-for-stm32.14.3.rel1.linux64_1.0.100.202602081740/tools/bin/../lib/gcc/arm-none-eabi/14.3.1/../../../../arm-none-eabi/lib/thumb/v7e-m+fp/hard/libc_nano.a(libc_a-memset.o)
 .ARM.attributes
                0x00000383       0x34 /opt/st/stm32cubeide_2.1.1/plugins/com.st.stm32cube.ide.mcu.externaltools.gnu-tools-for-stm32.14.3.rel1.linux64_1.0.100.202602081740/tools/bin/../lib/gcc/arm-none-eabi/14.3.1/../../../../arm-none-eabi/lib/thumb/v7e-m+fp/hard/libc_nano.a(libc_a-strncmp.o)
 .ARM.attributes
                0x000003b7       0x34 /opt/st/stm32cubeide_2.1.1/plugins/com.st.stm32cube.ide.mcu.externaltools.gnu-tools-for-stm32.14.3.rel1.linux64_1.0.100.202602081740/tools/bin/../lib/gcc/arm-none-eabi/14.3.1/../../../../arm-none-eabi/lib/thumb/v7e-m+fp/hard/libc_nano.a(libc_a-impure.o)
 .ARM.attributes
                0x000003eb       0x34 /opt/st/stm32cubeide_2.1.1/plugins/com.st.stm32cube.ide.mcu.externaltools.gnu-tools-for-stm32.14.3.rel1.linux64_1.0.100.202602081740/tools/bin/../lib/gcc/arm-none-eabi/14.3.1/../../../../arm-none-eabi/lib/thumb/v7e-m+fp/hard/libc_nano.a(libc_a-errno.o)
 .ARM.attributes
                0x0000041f       0x34 /opt/st/stm32cubeide_2.1.1/plugins/com.st.stm32cube.ide.mcu.externaltools.gnu-tools-for-stm32.14.3.rel1.linux64_1.0.100.202602081740/tools/bin/../lib/gcc/arm-none-eabi/14.3.1/../../../../arm-none-eabi/lib/thumb/v7e-m+fp/hard/libc_nano.a(libc_a-init.o)
 .ARM.attributes
                0x00000453       0x20 /opt/st/stm32cubeide_2.1.1/plugins/com.st.stm32cube.ide.mcu.externaltools.gnu-tools-for-stm32.14.3.rel1.linux64_1.0.100.202602081740/tools/bin/../lib/gcc/arm-none-eabi/14.3.1/../../../../arm-none-eabi/lib/thumb/v7e-m+fp/hard/libc_nano.a(libc_a-strcmp.o)
 .ARM.attributes
                0x00000473       0x22 /opt/st/stm32cubeide_2.1.1/plugins/com.st.stm32cube.ide.mcu.externaltools.gnu-tools-for-stm32.14.3.rel1.linux64_1.0.100.202602081740/tools/bin/../lib/gcc/arm-none-eabi/14.3.1/thumb/v7e-m+fp/hard/crtn.o
OUTPUT(uart_led_exercise.elf elf32-littlearm)
LOAD linker stubs
LOAD /opt/st/stm32cubeide_2.1.1/plugins/com.st.stm32cube.ide.mcu.externaltools.gnu-tools-for-stm32.14.3.rel1.linux64_1.0.100.202602081740/tools/bin/../lib/gcc/arm-none-eabi/14.3.1/../../../../arm-none-eabi/lib/thumb/v7e-m+fp/hard/libc.a
LOAD /opt/st/stm32cubeide_2.1.1/plugins/com.st.stm32cube.ide.mcu.externaltools.gnu-tools-for-stm32.14.3.rel1.linux64_1.0.100.202602081740/tools/bin/../lib/gcc/arm-none-eabi/14.3.1/../../../../arm-none-eabi/lib/thumb/v7e-m+fp/hard/libm.a
LOAD /opt/st/stm32cubeide_2.1.1/plugins/com.st.stm32cube.ide.mcu.externaltools.gnu-tools-for-stm32.14.3.rel1.linux64_1.0.100.202602081740/tools/bin/../lib/gcc/arm-none-eabi/14.3.1/thumb/v7e-m+fp/hard/libgcc.a

.debug_info     0x00000000     0x56aa
 .debug_info    0x00000000      0x588 ./Core/Src/console.o
 .debug_info    0x00000588      0x490 ./Core/Src/led_control.o
 .debug_info    0x00000a18      0xe8f ./Core/Src/main.o
 .debug_info    0x000018a7      0x49e ./Core/Src/oled.o
 .debug_info    0x00001d45      0x301 ./Core/Src/stm32l4xx_hal_msp.o
 .debug_info    0x00002046      0x157 ./Core/Src/stm32l4xx_it.o
 .debug_info    0x0000219d      0x5f4 ./Core/Src/system_stm32l4xx.o
 .debug_info    0x00002791       0x30 ./Core/Startup/startup_stm32l476rgtx.o
 .debug_info    0x000027c1      0xb2d ./Drivers/STM32L4xx_HAL_Driver/Src/stm32l4xx_hal.o
 .debug_info    0x000032ee      0xdad ./Drivers/STM32L4xx_HAL_Driver/Src/stm32l4xx_hal_cortex.o
 .debug_info    0x0000409b      0x9ca ./Drivers/STM32L4xx_HAL_Driver/Src/stm32l4xx_hal_pwr_ex.o
 .debug_info    0x00004a65      0xc45 ./Drivers/STM32L4xx_HAL_Driver/Src/stm32l4xx_hal_rcc.o

.debug_abbrev   0x00000000     0x14be
 .debug_abbrev  0x00000000      0x1f7 ./Core/Src/console.o
 .debug_abbrev  0x000001f7      0x180 ./Core/Src/led_control.o
 .debug_abbrev  0x00000377      0x2b5 ./Core/Src/main.o
 .debug_abbrev  0x0000062c      0x161 ./Core/Src/oled.o
 .debug_abbrev  0x0000078d       0xdd ./Core/Src/stm32l4xx_hal_msp.o
 .debug_abbrev  0x0000086a       0xac ./Core/Src/stm32l4xx_it.o
 .debug_abbrev  0x00000916      0x150 ./Core/Src/system_stm32l4xx.o
 .debug_abbrev  0x00000a66       0x24 ./Core/Startup/startup_stm32l476rgtx.o
 .debug_abbrev  0x00000a8a      0x243 ./Drivers/STM32L4xx_HAL_Driver/Src/stm32l4xx_hal.o
 .debug_abbrev  0x00000ccd      0x31c ./Drivers/STM32L4xx_HAL_Driver/Src/stm32l4xx_hal_cortex.o
 .debug_abbrev  0x00000fe9      0x1f9 ./Drivers/STM32L4xx_HAL_Driver/Src/stm32l4xx_hal_pwr_ex.o
 .debug_abbrev  0x000011e2      0x2dc ./Drivers/STM32L4xx_HAL_Driver/Src/stm32l4xx_hal_rcc.o

.debug_aranges  0x00000000      0x698
 .debug_aranges
                0x00000000       0x58 ./Core/Src/console.o
 .debug_aranges
                0x00000058       0x68 ./Core/Src/led_control.o
 .debug_aranges
                0x000000c0       0x68 ./Core/Src/main.o
 .debug_aranges
                0x00000128       0x58 ./Core/Src/oled.o
 .debug_aranges
                0x00000180       0x20 ./Core/Src/stm32l4xx_hal_msp.o
 .debug_aranges
                0x000001a0       0x60 ./Core/Src/stm32l4xx_it.o
 .debug_aranges
                0x00000200       0x28 ./Core/Src/system_stm32l4xx.o
 .debug_aranges
                0x00000228       0x28 ./Core/Startup/startup_stm32l476rgtx.o
 .debug_aranges
                0x00000250      0x130 ./Drivers/STM32L4xx_HAL_Driver/Src/stm32l4xx_hal.o
 .debug_aranges
                0x00000380      0x128 ./Drivers/STM32L4xx_HAL_Driver/Src/stm32l4xx_hal_cortex.o
 .debug_aranges
                0x000004a8      0x160 ./Drivers/STM32L4xx_HAL_Driver/Src/stm32l4xx_hal_pwr_ex.o
 .debug_aranges
                0x00000608       0x90 ./Drivers/STM32L4xx_HAL_Driver/Src/stm32l4xx_hal_rcc.o

.debug_rnglists
                0x00000000      0x4d0
 .debug_rnglists
                0x00000000       0x40 ./Core/Src/console.o
 .debug_rnglists
                0x00000040       0x4b ./Core/Src/led_control.o
 .debug_rnglists
                0x0000008b       0x4e ./Core/Src/main.o
 .debug_rnglists
                0x000000d9       0x3f ./Core/Src/oled.o
 .debug_rnglists
                0x00000118       0x13 ./Core/Src/stm32l4xx_hal_msp.o
 .debug_rnglists
                0x0000012b       0x43 ./Core/Src/stm32l4xx_it.o
 .debug_rnglists
                0x0000016e       0x1a ./Core/Src/system_stm32l4xx.o
 .debug_rnglists
                0x00000188       0x19 ./Core/Startup/startup_stm32l476rgtx.o
 .debug_rnglists
                0x000001a1       0xdf ./Drivers/STM32L4xx_HAL_Driver/Src/stm32l4xx_hal.o
 .debug_rnglists
                0x00000280       0xda ./Drivers/STM32L4xx_HAL_Driver/Src/stm32l4xx_hal_cortex.o
 .debug_rnglists
                0x0000035a      0x109 ./Drivers/STM32L4xx_HAL_Driver/Src/stm32l4xx_hal_pwr_ex.o
 .debug_rnglists
                0x00000463       0x6d ./Drivers/STM32L4xx_HAL_Driver/Src/stm32l4xx_hal_rcc.o

.debug_macro    0x00000000    0x25523
 .debug_macro   0x00000000      0x320 ./Core/Src/console.o
 .debug_macro   0x00000320      0xad8 ./Core/Src/console.o
 .debug_macro   0x00000df8      0x19b ./Core/Src/console.o
 .debug_macro   0x00000f93       0x2e ./Core/Src/console.o
 .debug_macro   0x00000fc1       0x28 ./Core/Src/console.o
 .debug_macro   0x00000fe9       0x22 ./Core/Src/console.o
 .debug_macro   0x0000100b       0x8e ./Core/Src/console.o
 .debug_macro   0x00001099       0x51 ./Core/Src/console.o
 .debug_macro   0x000010ea      0x103 ./Core/Src/console.o
 .debug_macro   0x000011ed       0x6a ./Core/Src/console.o
 .debug_macro   0x00001257      0x1df ./Core/Src/console.o
 .debug_macro   0x00001436       0x1c ./Core/Src/console.o
 .debug_macro   0x00001452       0x22 ./Core/Src/console.o
 .debug_macro   0x00001474       0xfb ./Core/Src/console.o
 .debug_macro   0x0000156f     0x1011 ./Core/Src/console.o
 .debug_macro   0x00002580      0x11f ./Core/Src/console.o
 .debug_macro   0x0000269f    0x1a192 ./Core/Src/console.o
 .debug_macro   0x0001c831       0x6d ./Core/Src/console.o
 .debug_macro   0x0001c89e     0x38fb ./Core/Src/console.o
 .debug_macro   0x00020199      0x190 ./Core/Src/console.o
 .debug_macro   0x00020329       0x5c ./Core/Src/console.o
 .debug_macro   0x00020385     0x159e ./Core/Src/console.o
 .debug_macro   0x00021923      0x5a5 ./Core/Src/console.o
 .debug_macro   0x00021ec8      0x1b9 ./Core/Src/console.o
 .debug_macro   0x00022081      0x18b ./Core/Src/console.o
 .debug_macro   0x0002220c      0x2c4 ./Core/Src/console.o
 .debug_macro   0x000224d0      0x27a ./Core/Src/console.o
 .debug_macro   0x0002274a      0x23d ./Core/Src/console.o
 .debug_macro   0x00022987      0x241 ./Core/Src/console.o
 .debug_macro   0x00022bc8      0x37c ./Core/Src/console.o
 .debug_macro   0x00022f44       0xd6 ./Core/Src/console.o
 .debug_macro   0x0002301a      0x122 ./Core/Src/console.o
 .debug_macro   0x0002313c      0x3ef ./Core/Src/console.o
 .debug_macro   0x0002352b      0x330 ./Core/Src/console.o
 .debug_macro   0x0002385b       0x22 ./Core/Src/console.o
 .debug_macro   0x0002387d       0x61 ./Core/Src/console.o
 .debug_macro   0x000238de       0x2a ./Core/Src/console.o
 .debug_macro   0x00023908       0x43 ./Core/Src/console.o
 .debug_macro   0x0002394b       0x34 ./Core/Src/console.o
 .debug_macro   0x0002397f       0x16 ./Core/Src/console.o
 .debug_macro   0x00023995       0x3c ./Core/Src/console.o
 .debug_macro   0x000239d1      0x364 ./Core/Src/console.o
 .debug_macro   0x00023d35       0x10 ./Core/Src/console.o
 .debug_macro   0x00023d45       0x16 ./Core/Src/console.o
 .debug_macro   0x00023d5b       0x4a ./Core/Src/console.o
 .debug_macro   0x00023da5       0x34 ./Core/Src/console.o
 .debug_macro   0x00023dd9       0x10 ./Core/Src/console.o
 .debug_macro   0x00023de9       0x58 ./Core/Src/console.o
 .debug_macro   0x00023e41       0x8e ./Core/Src/console.o
 .debug_macro   0x00023ecf       0x1c ./Core/Src/console.o
 .debug_macro   0x00023eeb      0x17e ./Core/Src/console.o
 .debug_macro   0x00024069       0x16 ./Core/Src/console.o
 .debug_macro   0x0002407f       0x16 ./Core/Src/console.o
 .debug_macro   0x00024095      0x146 ./Core/Src/console.o
 .debug_macro   0x000241db       0x16 ./Core/Src/console.o
 .debug_macro   0x000241f1       0x20 ./Core/Src/console.o
 .debug_macro   0x00024211       0x16 ./Core/Src/console.o
 .debug_macro   0x00024227       0x16 ./Core/Src/console.o
 .debug_macro   0x0002423d       0x29 ./Core/Src/console.o
 .debug_macro   0x00024266      0x2a6 ./Core/Src/led_control.o
 .debug_macro   0x0002450c      0x1da ./Core/Src/main.o
 .debug_macro   0x000246e6      0x1d4 ./Core/Src/oled.o
 .debug_macro   0x000248ba      0x1b1 ./Core/Src/stm32l4xx_hal_msp.o
 .debug_macro   0x00024a6b      0x1bb ./Core/Src/stm32l4xx_it.o
 .debug_macro   0x00024c26      0x1ad ./Core/Src/system_stm32l4xx.o
 .debug_macro   0x00024dd3      0x1f5 ./Drivers/STM32L4xx_HAL_Driver/Src/stm32l4xx_hal.o
 .debug_macro   0x00024fc8      0x1a7 ./Drivers/STM32L4xx_HAL_Driver/Src/stm32l4xx_hal_cortex.o
 .debug_macro   0x0002516f      0x1cb ./Drivers/STM32L4xx_HAL_Driver/Src/stm32l4xx_hal_pwr_ex.o
 .debug_macro   0x0002533a      0x1e9 ./Drivers/STM32L4xx_HAL_Driver/Src/stm32l4xx_hal_rcc.o

.debug_line     0x00000000     0x6cb2
 .debug_line    0x00000000      0xa38 ./Core/Src/console.o
 .debug_line    0x00000a38      0xa10 ./Core/Src/led_control.o
 .debug_line    0x00001448      0x94c ./Core/Src/main.o
 .debug_line    0x00001d94      0x860 ./Core/Src/oled.o
 .debug_line    0x000025f4      0x642 ./Core/Src/stm32l4xx_hal_msp.o
 .debug_line    0x00002c36      0x6f1 ./Core/Src/stm32l4xx_it.o
 .debug_line    0x00003327      0x71c ./Core/Src/system_stm32l4xx.o
 .debug_line    0x00003a43       0x7a ./Core/Startup/startup_stm32l476rgtx.o
 .debug_line    0x00003abd      0xa4b ./Drivers/STM32L4xx_HAL_Driver/Src/stm32l4xx_hal.o
 .debug_line    0x00004508      0xbe3 ./Drivers/STM32L4xx_HAL_Driver/Src/stm32l4xx_hal_cortex.o
 .debug_line    0x000050eb      0xc2a ./Drivers/STM32L4xx_HAL_Driver/Src/stm32l4xx_hal_pwr_ex.o
 .debug_line    0x00005d15      0xf9d ./Drivers/STM32L4xx_HAL_Driver/Src/stm32l4xx_hal_rcc.o

.debug_str      0x00000000    0xe3865
 .debug_str     0x00000000    0xe3865 ./Core/Src/console.o
                              0xe1c11 (size before relaxing)
 .debug_str     0x000e3865    0xe19dc ./Core/Src/led_control.o
 .debug_str     0x000e3865    0xdeb96 ./Core/Src/main.o
 .debug_str     0x000e3865    0xde27c ./Core/Src/oled.o
 .debug_str     0x000e3865    0xde1f1 ./Core/Src/stm32l4xx_hal_msp.o
 .debug_str     0x000e3865    0xde12a ./Core/Src/stm32l4xx_it.o
 .debug_str     0x000e3865    0xde2c1 ./Core/Src/system_stm32l4xx.o
 .debug_str     0x000e3865       0x82 ./Core/Startup/startup_stm32l476rgtx.o
 .debug_str     0x000e3865    0xdee4e ./Drivers/STM32L4xx_HAL_Driver/Src/stm32l4xx_hal.o
 .debug_str     0x000e3865    0xdeb1f ./Drivers/STM32L4xx_HAL_Driver/Src/stm32l4xx_hal_cortex.o
 .debug_str     0x000e3865    0xde801 ./Drivers/STM32L4xx_HAL_Driver/Src/stm32l4xx_hal_pwr_ex.o
 .debug_str     0x000e3865    0xde8ec ./Drivers/STM32L4xx_HAL_Driver/Src/stm32l4xx_hal_rcc.o

.comment        0x00000000       0x43
 .comment       0x00000000       0x43 ./Core/Src/console.o
                                 0x44 (size before relaxing)
 .comment       0x00000043       0x44 ./Core/Src/led_control.o
 .comment       0x00000043       0x44 ./Core/Src/main.o
 .comment       0x00000043       0x44 ./Core/Src/oled.o
 .comment       0x00000043       0x44 ./Core/Src/stm32l4xx_hal_msp.o
 .comment       0x00000043       0x44 ./Core/Src/stm32l4xx_it.o
 .comment       0x00000043       0x44 ./Core/Src/system_stm32l4xx.o
 .comment       0x00000043       0x44 ./Drivers/STM32L4xx_HAL_Driver/Src/stm32l4xx_hal.o
 .comment       0x00000043       0x44 ./Drivers/STM32L4xx_HAL_Driver/Src/stm32l4xx_hal_cortex.o
 .comment       0x00000043       0x44 ./Drivers/STM32L4xx_HAL_Driver/Src/stm32l4xx_hal_pwr_ex.o
 .comment       0x00000043       0x44 ./Drivers/STM32L4xx_HAL_Driver/Src/stm32l4xx_hal_rcc.o

.debug_frame    0x00000000     0x1860
 .debug_frame   0x00000000      0x124 ./Core/Src/console.o
 .debug_frame   0x00000124      0x148 ./Core/Src/led_control.o
 .debug_frame   0x0000026c      0x13c ./Core/Src/main.o
 .debug_frame   0x000003a8      0x134 ./Core/Src/oled.o
 .debug_frame   0x000004dc       0x34 ./Core/Src/stm32l4xx_hal_msp.o
 .debug_frame   0x00000510       0xf8 ./Core/Src/stm32l4xx_it.o
 .debug_frame   0x00000608       0x50 ./Core/Src/system_stm32l4xx.o
 .debug_frame   0x00000658      0x424 ./Drivers/STM32L4xx_HAL_Driver/Src/stm32l4xx_hal.o
 .debug_frame   0x00000a7c      0x49c ./Drivers/STM32L4xx_HAL_Driver/Src/stm32l4xx_hal_cortex.o
 .debug_frame   0x00000f18      0x4ec ./Drivers/STM32L4xx_HAL_Driver/Src/stm32l4xx_hal_pwr_ex.o
 .debug_frame   0x00001404      0x200 ./Drivers/STM32L4xx_HAL_Driver/Src/stm32l4xx_hal_rcc.o
 .debug_frame   0x00001604       0x64 /opt/st/stm32cubeide_2.1.1/plugins/com.st.stm32cube.ide.mcu.externaltools.gnu-tools-for-stm32.14.3.rel1.linux64_1.0.100.202602081740/tools/bin/../lib/gcc/arm-none-eabi/14.3.1/../../../../arm-none-eabi/lib/thumb/v7e-m+fp/hard/libc_nano.a(libc_a-strtol.o)
 .debug_frame   0x00001668      0x144 /opt/st/stm32cubeide_2.1.1/plugins/com.st.stm32cube.ide.mcu.externaltools.gnu-tools-for-stm32.14.3.rel1.linux64_1.0.100.202602081740/tools/bin/../lib/gcc/arm-none-eabi/14.3.1/../../../../arm-none-eabi/lib/thumb/v7e-m+fp/hard/libc_nano.a(libc_a-findfp.o)
 .debug_frame   0x000017ac       0x20 /opt/st/stm32cubeide_2.1.1/plugins/com.st.stm32cube.ide.mcu.externaltools.gnu-tools-for-stm32.14.3.rel1.linux64_1.0.100.202602081740/tools/bin/../lib/gcc/arm-none-eabi/14.3.1/../../../../arm-none-eabi/lib/thumb/v7e-m+fp/hard/libc_nano.a(libc_a-memset.o)
 .debug_frame   0x000017cc       0x28 /opt/st/stm32cubeide_2.1.1/plugins/com.st.stm32cube.ide.mcu.externaltools.gnu-tools-for-stm32.14.3.rel1.linux64_1.0.100.202602081740/tools/bin/../lib/gcc/arm-none-eabi/14.3.1/../../../../arm-none-eabi/lib/thumb/v7e-m+fp/hard/libc_nano.a(libc_a-strncmp.o)
 .debug_frame   0x000017f4       0x20 /opt/st/stm32cubeide_2.1.1/plugins/com.st.stm32cube.ide.mcu.externaltools.gnu-tools-for-stm32.14.3.rel1.linux64_1.0.100.202602081740/tools/bin/../lib/gcc/arm-none-eabi/14.3.1/../../../../arm-none-eabi/lib/thumb/v7e-m+fp/hard/libc_nano.a(libc_a-errno.o)
 .debug_frame   0x00001814       0x2c /opt/st/stm32cubeide_2.1.1/plugins/com.st.stm32cube.ide.mcu.externaltools.gnu-tools-for-stm32.14.3.rel1.linux64_1.0.100.202602081740/tools/bin/../lib/gcc/arm-none-eabi/14.3.1/../../../../arm-none-eabi/lib/thumb/v7e-m+fp/hard/libc_nano.a(libc_a-init.o)
 .debug_frame   0x00001840       0x20 /opt/st/stm32cubeide_2.1.1/plugins/com.st.stm32cube.ide.mcu.externaltools.gnu-tools-for-stm32.14.3.rel1.linux64_1.0.100.202602081740/tools/bin/../lib/gcc/arm-none-eabi/14.3.1/../../../../arm-none-eabi/lib/thumb/v7e-m+fp/hard/libc_nano.a(libc_a-strcmp.o)

.debug_line_str
                0x00000000       0x66
 .debug_line_str
                0x00000000       0x66 ./Core/Startup/startup_stm32l476rgtx.o
