Archive member included to satisfy reference by file (symbol)

/opt/st/stm32cubeide_2.1.1/plugins/com.st.stm32cube.ide.mcu.externaltools.gnu-tools-for-stm32.14.3.rel1.linux64_1.0.100.202602081740/tools/bin/../lib/gcc/arm-none-eabi/14.3.1/../../../../arm-none-eabi/lib/thumb/v7e-m+fp/hard/libc_nano.a(libc_a-exit.o)
                              /opt/st/stm32cubeide_2.1.1/plugins/com.st.stm32cube.ide.mcu.externaltools.gnu-tools-for-stm32.14.3.rel1.linux64_1.0.100.202602081740/tools/bin/../lib/gcc/arm-none-eabi/14.3.1/../../../../arm-none-eabi/lib/thumb/v7e-m+fp/hard/crt0.o (exit)
/opt/st/stm32cubeide_2.1.1/plugins/com.st.stm32cube.ide.mcu.externaltools.gnu-tools-for-stm32.14.3.rel1.linux64_1.0.100.202602081740/tools/bin/../lib/gcc/arm-none-eabi/14.3.1/../../../../arm-none-eabi/lib/thumb/v7e-m+fp/hard/libc_nano.a(libc_a-findfp.o)
                              /opt/st/stm32cubeide_2.1.1/plugins/com.st.stm32cube.ide.mcu.externaltools.gnu-tools-for-stm32.14.3.rel1.linux64_1.0.100.202602081740/tools/bin/../lib/gcc/arm-none-eabi/14.3.1/../../../../arm-none-eabi/lib/thumb/v7e-m+fp/hard/libc_nano.a(libc_a-exit.o) (__stdio_exit_handler)
/opt/st/stm32cubeide_2.1.1/plugins/com.st.stm32cube.ide.mcu.externaltools.gnu-tools-for-stm32.14.3.rel1.linux64_1.0.100.202602081740/tools/bin/../lib/gcc/arm-none-eabi/14.3.1/../../../../arm-none-eabi/lib/thumb/v7e-m+fp/hard/libc_nano.a(libc_a-fwalk.o)
                              /opt/st/stm32cubeide_2.1.1/plugins/com.st.stm32cube.ide.mcu.externaltools.gnu-tools-for-stm32.14.3.rel1.linux64_1.0.100.202602081740/tools/bin/../lib/gcc/arm-none-eabi/14.3.1/../../../../arm-none-eabi/lib/thumb/v7e-m+fp/hard/libc_nano.a(libc_a-findfp.o) (_fwalk_sglue)
/opt/st/stm32cubeide_2.1.1/plugins/com.st.stm32cube.ide.mcu.externaltools.gnu-tools-for-stm32.14.3.rel1.linux64_1.0.100.202602081740/tools/bin/../lib/gcc/arm-none-eabi/14.3.1/../../../../arm-none-eabi/lib/thumb/v7e-m+fp/hard/libc_nano.a(libc_a-stdio.o)
                              /opt/st/stm32cubeide_2.1.1/plugins/com.st.stm32cube.ide.mcu.externaltools.gnu-tools-for-stm32.14.3.rel1.linux64_1.0.100.202602081740/tools/bin/../lib/gcc/arm-none-eabi/14.3.1/../../../../arm-none-eabi/lib/thumb/v7e-m+fp/hard/libc_nano.a(libc_a-findfp.o) (__sread)
/opt/st/stm32cubeide_2.1.1/plugins/com.st.stm32cube.ide.mcu.externaltools.gnu-tools-for-stm32.14.3.rel1.linux64_1.0.100.202602081740/tools/bin/../lib/gcc/arm-none-eabi/14.3.1/../../../../arm-none-eabi/lib/thumb/v7e-m+fp/hard/libc_nano.a(libc_a-memset.o)
                              /opt/st/stm32cubeide_2.1.1/plugins/com.st.stm32cube.ide.mcu.externaltools.gnu-tools-for-stm32.14.3.rel1.linux64_1.0.100.202602081740/tools/bin/../lib/gcc/arm-none-eabi/14.3.1/../../../../arm-none-eabi/lib/thumb/v7e-m+fp/hard/crt0.o (memset)
/opt/st/stm32cubeide_2.1.1/plugins/com.st.stm32cube.ide.mcu.externaltools.gnu-tools-for-stm32.14.3.rel1.linux64_1.0.100.202602081740/tools/bin/../lib/gcc/arm-none-eabi/14.3.1/../../../../arm-none-eabi/lib/thumb/v7e-m+fp/hard/libc_nano.a(libc_a-closer.o)
                              /opt/st/stm32cubeide_2.1.1/plugins/com.st.stm32cube.ide.mcu.externaltools.gnu-tools-for-stm32.14.3.rel1.linux64_1.0.100.202602081740/tools/bin/../lib/gcc/arm-none-eabi/14.3.1/../../../../arm-none-eabi/lib/thumb/v7e-m+fp/hard/libc_nano.a(libc_a-stdio.o) (_close_r)
/opt/st/stm32cubeide_2.1.1/plugins/com.st.stm32cube.ide.mcu.externaltools.gnu-tools-for-stm32.14.3.rel1.linux64_1.0.100.202602081740/tools/bin/../lib/gcc/arm-none-eabi/14.3.1/../../../../arm-none-eabi/lib/thumb/v7e-m+fp/hard/libc_nano.a(libc_a-reent.o)
                              /opt/st/stm32cubeide_2.1.1/plugins/com.st.stm32cube.ide.mcu.externaltools.gnu-tools-for-stm32.14.3.rel1.linux64_1.0.100.202602081740/tools/bin/../lib/gcc/arm-none-eabi/14.3.1/../../../../arm-none-eabi/lib/thumb/v7e-m+fp/hard/libc_nano.a(libc_a-closer.o) (errno)
/opt/st/stm32cubeide_2.1.1/plugins/com.st.stm32cube.ide.mcu.externaltools.gnu-tools-for-stm32.14.3.rel1.linux64_1.0.100.202602081740/tools/bin/../lib/gcc/arm-none-eabi/14.3.1/../../../../arm-none-eabi/lib/thumb/v7e-m+fp/hard/libc_nano.a(libc_a-impure.o)
                              /opt/st/stm32cubeide_2.1.1/plugins/com.st.stm32cube.ide.mcu.externaltools.gnu-tools-for-stm32.14.3.rel1.linux64_1.0.100.202602081740/tools/bin/../lib/gcc/arm-none-eabi/14.3.1/../../../../arm-none-eabi/lib/thumb/v7e-m+fp/hard/libc_nano.a(libc_a-reent.o) (_impure_ptr)
/opt/st/stm32cubeide_2.1.1/plugins/com.st.stm32cube.ide.mcu.externaltools.gnu-tools-for-stm32.14.3.rel1.linux64_1.0.100.202602081740/tools/bin/../lib/gcc/arm-none-eabi/14.3.1/../../../../arm-none-eabi/lib/thumb/v7e-m+fp/hard/libc_nano.a(libc_a-lseekr.o)
                              /opt/st/stm32cubeide_2.1.1/plugins/com.st.stm32cube.ide.mcu.externaltools.gnu-tools-for-stm32.14.3.rel1.linux64_1.0.100.202602081740/tools/bin/../lib/gcc/arm-none-eabi/14.3.1/../../../../arm-none-eabi/lib/thumb/v7e-m+fp/hard/libc_nano.a(libc_a-stdio.o) (_lseek_r)
[...]
Memory Configuration

Name             Origin             Length             Attributes
RAM              0x20000000         0x00018000         xrw
RAM2             0x10000000         0x00008000         xrw
FLASH            0x08000000         0x00100000         xr
*default*        0x00000000         0xffffffff

Linker script and memory map

LOAD /opt/st/stm32cubeide_2.1.1/plugins/com.st.stm32cube.ide.mcu.externaltools.gnu-tools-for-stm32.14.3.rel1.linux64_1.0.100.202602081740/tools/bin/../lib/gcc/arm-none-eabi/14.3.1/thumb/v7e-m+fp/hard/crti.o
LOAD /opt/st/stm32cubeide_2.1.1/plugins/com.st.stm32cube.ide.mcu.externaltools.gnu-tools-for-stm32.14.3.rel1.linux64_1.0.100.202602081740/tools/bin/../lib/gcc/arm-none-eabi/14.3.1/thumb/v7e-m+fp/hard/crtbegin.o
LOAD /opt/st/stm32cubeide_2.1.1/plugins/com.st.stm32cube.ide.mcu.externaltools.gnu-tools-for-stm32.14.3.rel1.linux64_1.0.100.202602081740/tools/bin/../lib/gcc/arm-none-eabi/14.3.1/../../../../arm-none-eabi/lib/thumb/v7e-m+fp/hard/crt0.o
LOAD ./Core/Src/main.o
LOAD ./Core/Src/stm32l4xx_hal_msp.o
LOAD ./Core/Src/stm32l4xx_it.o
LOAD ./Core/Src/syscalls.o
LOAD ./Core/Src/sysmem.o
LOAD ./Core/Src/system_stm32l4xx.o
LOAD ./Core/Startup/startup_stm32l476rgtx.o
LOAD ./Drivers/STM32L4xx_HAL_Driver/Src/stm32l4xx_hal.o
LOAD ./Drivers/STM32L4xx_HAL_Driver/Src/stm32l4xx_hal_cortex.o
LOAD ./Drivers/STM32L4xx_HAL_Driver/Src/stm32l4xx_hal_dma.o
LOAD ./Drivers/STM32L4xx_HAL_Driver/Src/stm32l4xx_hal_dma_ex.o
LOAD ./Drivers/STM32L4xx_HAL_Driver/Src/stm32l4xx_hal_exti.o
LOAD ./Drivers/STM32L4xx_HAL_Driver/Src/stm32l4xx_hal_flash.o
LOAD ./Drivers/STM32L4xx_HAL_Driver/Src/stm32l4xx_hal_flash_ex.o
LOAD ./Drivers/STM32L4xx_HAL_Driver/Src/stm32l4xx_hal_flash_ramfunc.o
LOAD ./Drivers/STM32L4xx_HAL_Driver/Src/stm32l4xx_hal_gpio.o
LOAD ./Drivers/STM32L4xx_HAL_Driver/Src/stm32l4xx_hal_i2c.o
LOAD ./Drivers/STM32L4xx_HAL_Driver/Src/stm32l4xx_hal_i2c_ex.o
LOAD ./Drivers/STM32L4xx_HAL_Driver/Src/stm32l4xx_hal_pwr.o
LOAD ./Drivers/STM32L4xx_HAL_Driver/Src/stm32l4xx_hal_pwr_ex.o
LOAD ./Drivers/STM32L4xx_HAL_Driver/Src/stm32l4xx_hal_rcc.o
LOAD ./Drivers/STM32L4xx_HAL_Driver/Src/stm32l4xx_hal_rcc_ex.o
START GROUP
LOAD /opt/st/stm32cubeide_2.1.1/plugins/com.st.stm32cube.ide.mcu.externaltools.gnu-tools-for-stm32.14.3.rel1.linux64_1.0.100.202602081740/tools/bin/../lib/gcc/arm-none-eabi/14.3.1/../../../../arm-none-eabi/lib/thumb/v7e-m+fp/hard/libc_nano.a
LOAD /opt/st/stm32cubeide_2.1.1/plugins/com.st.stm32cube.ide.mcu.externaltools.gnu-tools-for-stm32.14.3.rel1.linux64_1.0.100.202602081740/tools/bin/../lib/gcc/arm-none-eabi/14.3.1/../../../../arm-none-eabi/lib/thumb/v7e-m+fp/hard/libm.a
END GROUP
START GROUP
LOAD /opt/st/stm32cubeide_2.1.1/plugins/com.st.stm32cube.ide.mcu.externaltools.gnu-tools-for-stm32.14.3.rel1.linux64_1.0.100.202602081740/tools/bin/../lib/gcc/arm-none-eabi/14.3.1/thumb/v7e-m+fp/hard/libgcc.a
LOAD /opt/st/stm32cubeide_2.1.1/plugins/com.st.stm32cube.ide.mcu.externaltools.gnu-tools-for-stm32.14.3.rel1.linux64_1.0.100.202602081740/tools/bin/../lib/gcc/arm-none-eabi/14.3.1/../../../../arm-none-eabi/lib/thumb/v7e-m+fp/hard/libc_nano.a
END GROUP
START GROUP
LOAD /opt/st/stm32cubeide_2.1.1/plugins/com.st.stm32cube.ide.mcu.externaltools.gnu-tools-for-stm32.14.3.rel1.linux64_1.0.100.202602081740/tools/bin/../lib/gcc/arm-none-eabi/14.3.1/thumb/v7e-m+fp/hard/libgcc.a
LOAD /opt/st/stm32cubeide_2.1.1/plugins/com.st.stm32cube.ide.mcu.externaltools.gnu-tools-for-stm32.14.3.rel1.linux64_1.0.100.202602081740/tools/bin/../lib/gcc/arm-none-eabi/14.3.1/../../../../arm-none-eabi/lib/thumb/v7e-m+fp/hard/libc_nano.a
LOAD /opt/st/stm32cubeide_2.1.1/plugins/com.st.stm32cube.ide.mcu.externaltools.gnu-tools-for-stm32.14.3.rel1.linux64_1.0.100.202602081740/tools/bin/../lib/gcc/arm-none-eabi/14.3.1/../../../../arm-none-eabi/lib/thumb/v7e-m+fp/hard/libnosys.a
END GROUP
START GROUP
LOAD /opt/st/stm32cubeide_2.1.1/plugins/com.st.stm32cube.ide.mcu.externaltools.gnu-tools-for-stm32.14.3.rel1.linux64_1.0.100.202602081740/tools/bin/../lib/gcc/arm-none-eabi/14.3.1/thumb/v7e-m+fp/hard/libgcc.a
LOAD /opt/st/stm32cubeide_2.1.1/plugins/com.st.stm32cube.ide.mcu.externaltools.gnu-tools-for-stm32.14.3.rel1.linux64_1.0.100.202602081740/tools/bin/../lib/gcc/arm-none-eabi/14.3.1/../../../../arm-none-eabi/lib/thumb/v7e-m+fp/hard/libc_nano.a
LOAD /opt/st/stm32cubeide_2.1.1/plugins/com.st.stm32cube.ide.mcu.externaltools.gnu-tools-for-stm32.14.3.rel1.linux64_1.0.100.202602081740/tools/bin/../lib/gcc/arm-none-eabi/14.3.1/../../../../arm-none-eabi/lib/thumb/v7e-m+fp/hard/libnosys.a
END GROUP
LOAD /opt/st/stm32cubeide_2.1.1/plugins/com.st.stm32cube.ide.mcu.externaltools.gnu-tools-for-stm32.14.3.rel1.linux64_1.0.100.202602081740/tools/bin/../lib/gcc/arm-none-eabi/14.3.1/thumb/v7e-m+fp/hard/crtend.o
LOAD /opt/st/stm32cubeide_2.1.1/plugins/com.st.stm32cube.ide.mcu.externaltools.gnu-tools-for-stm32.14.3.rel1.linux64_1.0.100.202602081740/tools/bin/../lib/gcc/arm-none-eabi/14.3.1/thumb/v7e-m+fp/hard/crtn.o
                0x20018000                        _estack = (ORIGIN (RAM) + LENGTH (RAM))
                0x00000200                        _Min_Heap_Size = 0x200
                0x00000400                        _Min_Stack_Size = 0x400

.isr_vector     0x08000000      0x188
                0x08000000                        . = ALIGN (0x4)
 *(.isr_vector)
 .isr_vector    0x08000000      0x188 ./Core/Startup/startup_stm32l476rgtx.o
                0x08000000                g_pfnVectors
                0x08000188                        . = ALIGN (0x4)

.text           0x08000188     0x11e4
                0x08000188                        . = ALIGN (0x4)
 *(.text)
 .text          0x08000188       0x40 /opt/st/stm32cubeide_2.1.1/plugins/com.st.stm32cube.ide.mcu.externaltools.gnu-tools-for-stm32.14.3.rel1.linux64_1.0.100.202602081740/tools/bin/../lib/gcc/arm-none-eabi/14.3.1/thumb/v7e-m+fp/hard/crtbegin.o
 *(.text*)
 .text.main     0x080001c8       0x10 ./Core/Src/main.o
                0x080001c8                main
 .text.SystemClock_Config
                0x080001d8       0xa4 ./Core/Src/main.o
                0x080001d8                SystemClock_Config
 .text.Error_Handler
                0x0800027c        0xc ./Core/Src/main.o
                0x0800027c                Error_Handler
 .text.HAL_MspInit
                0x08000288       0x48 ./Core/Src/stm32l4xx_hal_msp.o
                0x08000288                HAL_MspInit
 .text.NMI_Handler
                0x080002d0        0x8 ./Core/Src/stm32l4xx_it.o
                0x080002d0                NMI_Handler
 .text.HardFault_Handler
                0x080002d8        0x8 ./Core/Src/stm32l4xx_it.o
                0x080002d8                HardFault_Handler
 .text.MemManage_Handler
                0x080002e0        0x8 ./Core/Src/stm32l4xx_it.o
                0x080002e0                MemManage_Handler
 .text.BusFault_Handler
                0x080002e8        0x8 ./Core/Src/stm32l4xx_it.o
                0x080002e8                BusFault_Handler
 .text.UsageFault_Handler
                0x080002f0        0x8 ./Core/Src/stm32l4xx_it.o
                0x080002f0                UsageFault_Handler
 .text.SVC_Handler
                0x080002f8        0xe ./Core/Src/stm32l4xx_it.o
                0x080002f8                SVC_Handler
 .text.DebugMon_Handler
                0x08000306        0xe ./Core/Src/stm32l4xx_it.o
                0x08000306                DebugMon_Handler
 .text.PendSV_Handler
                0x08000314        0xe ./Core/Src/stm32l4xx_it.o
                0x08000314                PendSV_Handler
 .text.SysTick_Handler
                0x08000322        0xc ./Core/Src/stm32l4xx_it.o
                0x08000322                SysTick_Handler
 *fill*         0x0800032e        0x2 
 .text.SystemInit
                0x08000330       0x6c ./Core/Src/system_stm32l4xx.o
                0x08000330                SystemInit
 .text.Reset_Handler
                0x0800039c       0x50 ./Core/Startup/startup_stm32l476rgtx.o
                0x0800039c                Reset_Handler
 .text.Default_Handler
                0x080003ec        0x2 ./Core/Startup/startup_stm32l476rgtx.o
                0x080003ec                RTC_Alarm_IRQHandler
                0x080003ec                EXTI2_IRQHandler
                0x080003ec                TIM8_TRG_COM_IRQHandler
                0x080003ec                TIM8_CC_IRQHandler
                0x080003ec                TIM1_CC_IRQHandler
                0x080003ec                TSC_IRQHandler
                0x080003ec                TAMP_STAMP_IRQHandler
                0x080003ec                EXTI3_IRQHandler
                0x080003ec                LPTIM2_IRQHandler
                0x080003ec                DFSDM1_FLT1_IRQHandler
                0x080003ec                I2C3_ER_IRQHandler
                0x080003ec                DFSDM1_FLT2_IRQHandler
                0x080003ec                EXTI0_IRQHandler
                0x080003ec                I2C2_EV_IRQHandler
                0x080003ec                CAN1_RX0_IRQHandler
                0x080003ec                FPU_IRQHandler
                0x080003ec                TIM1_UP_TIM16_IRQHandler
                0x080003ec                ADC1_2_IRQHandler
                0x080003ec                SPI1_IRQHandler
                0x080003ec                TIM6_DAC_IRQHandler
                0x080003ec                TIM8_UP_IRQHandler
                0x080003ec                DMA2_Channel2_IRQHandler
                0x080003ec                DMA1_Channel4_IRQHandler
                0x080003ec                SAI2_IRQHandler
                0x080003ec                DFSDM1_FLT3_IRQHandler
                0x080003ec                USART3_IRQHandler
                0x080003ec                DMA1_Channel7_IRQHandler
                0x080003ec                CAN1_RX1_IRQHandler
                0x080003ec                LCD_IRQHandler
                0x080003ec                UART5_IRQHandler
                0x080003ec                ADC3_IRQHandler
                0x080003ec                TIM4_IRQHandler
                0x080003ec                DMA2_Channel1_IRQHandler
                0x080003ec                QUADSPI_IRQHandler
                0x080003ec                I2C1_EV_IRQHandler
                0x080003ec                DMA1_Channel6_IRQHandler
                0x080003ec                UART4_IRQHandler
                0x080003ec                DMA2_Channel4_IRQHandler
                0x080003ec                TIM3_IRQHandler
                0x080003ec                RCC_IRQHandler
                0x080003ec                DMA1_Channel1_IRQHandler
                0x080003ec                Default_Handler
                0x080003ec                DMA2_Channel7_IRQHandler
                0x080003ec                EXTI15_10_IRQHandler
                0x080003ec                TIM7_IRQHandler
                0x080003ec                SDMMC1_IRQHandler
                0x080003ec                TIM5_IRQHandler
                0x080003ec                I2C3_EV_IRQHandler
                0x080003ec                EXTI9_5_IRQHandler
                0x080003ec                RTC_WKUP_IRQHandler
                0x080003ec                PVD_PVM_IRQHandler
                0x080003ec                SPI2_IRQHandler
                0x080003ec                CAN1_TX_IRQHandler
                0x080003ec                DMA2_Channel5_IRQHandler
                0x080003ec                DMA1_Channel5_IRQHandler
                0x080003ec                EXTI4_IRQHandler
                0x080003ec                RNG_IRQHandler
                0x080003ec                TIM1_TRG_COM_TIM17_IRQHandler
                0x080003ec                DMA1_Channel3_IRQHandler
                0x080003ec                COMP_IRQHandler
                0x080003ec                WWDG_IRQHandler
                0x080003ec                LPUART1_IRQHandler
                0x080003ec                DMA2_Channel6_IRQHandler
                0x080003ec                TIM2_IRQHandler
                0x080003ec                EXTI1_IRQHandler
                0x080003ec                USART2_IRQHandler
                0x080003ec                DFSDM1_FLT0_IRQHandler
                0x080003ec                I2C2_ER_IRQHandler
                0x080003ec                DMA1_Channel2_IRQHandler
                0x080003ec                TIM8_BRK_IRQHandler
                0x080003ec                CAN1_SCE_IRQHandler
                0x080003ec                FLASH_IRQHandler
                0x080003ec                USART1_IRQHandler
                0x080003ec                OTG_FS_IRQHandler
                0x080003ec                SPI3_IRQHandler
                0x080003ec                I2C1_ER_IRQHandler
                0x080003ec                FMC_IRQHandler
                0x080003ec                SWPMI1_IRQHandler
                0x080003ec                LPTIM1_IRQHandler
                0x080003ec                SAI1_IRQHandler
                0x080003ec                DMA2_Channel3_IRQHandler
                0x080003ec                TIM1_BRK_TIM15_IRQHandler
 .text.HAL_Init
                0x080003ee       0x30 ./Drivers/STM32L4xx_HAL_Driver/Src/stm32l4xx_hal.o
                0x080003ee                HAL_Init
 *fill*         0x0800041e        0x2 
 .text.HAL_InitTick
                0x08000420       0x78 ./Drivers/STM32L4xx_HAL_Driver/Src/stm32l4xx_hal.o
                0x08000420                HAL_InitTick
 .text.HAL_IncTick
                0x08000498       0x28 ./Drivers/STM32L4xx_HAL_Driver/Src/stm32l4xx_hal.o
                0x08000498                HAL_IncTick
 .text.HAL_GetTick
                0x080004c0       0x18 ./Drivers/STM32L4xx_HAL_Driver/Src/stm32l4xx_hal.o
                0x080004c0                HAL_GetTick
 .text.__NVIC_SetPriorityGrouping
                0x080004d8       0x48 ./Drivers/STM32L4xx_HAL_Driver/Src/stm32l4xx_hal_cortex.o
 .text.__NVIC_GetPriorityGrouping
                0x08000520       0x1c ./Drivers/STM32L4xx_HAL_Driver/Src/stm32l4xx_hal_cortex.o
 .text.__NVIC_SetPriority
                0x0800053c       0x54 ./Drivers/STM32L4xx_HAL_Driver/Src/stm32l4xx_hal_cortex.o
 .text.NVIC_EncodePriority
                0x08000590       0x66 ./Drivers/STM32L4xx_HAL_Driver/Src/stm32l4xx_hal_cortex.o
 *fill*         0x080005f6        0x2 
 .text.SysTick_Config
                0x080005f8       0x44 ./Drivers/STM32L4xx_HAL_Driver/Src/stm32l4xx_hal_cortex.o
 .text.HAL_NVIC_SetPriorityGrouping
                0x0800063c       0x16 ./Drivers/STM32L4xx_HAL_Driver/Src/stm32l4xx_hal_cortex.o
                0x0800063c                HAL_NVIC_SetPriorityGrouping
 .text.HAL_NVIC_SetPriority
                0x08000652       0x38 ./Drivers/STM32L4xx_HAL_Driver/Src/stm32l4xx_hal_cortex.o
                0x08000652                HAL_NVIC_SetPriority
 .text.HAL_SYSTICK_Config
                0x0800068a       0x18 ./Drivers/STM32L4xx_HAL_Driver/Src/stm32l4xx_hal_cortex.o
                0x0800068a                HAL_SYSTICK_Config
 *fill*         0x080006a2        0x2 
 .text.HAL_PWREx_GetVoltageRange
                0x080006a4       0x1c ./Drivers/STM32L4xx_HAL_Driver/Src/stm32l4xx_hal_pwr_ex.o
                0x080006a4                HAL_PWREx_GetVoltageRange
 .text.HAL_PWREx_ControlVoltageScaling
                0x080006c0       0xac ./Drivers/STM32L4xx_HAL_Driver/Src/stm32l4xx_hal_pwr_ex.o
                0x080006c0                HAL_PWREx_ControlVoltageScaling
 .text.HAL_RCC_OscConfig
                0x0800076c      0x7b8 ./Drivers/STM32L4xx_HAL_Driver/Src/stm32l4xx_hal_rcc.o
                0x0800076c                HAL_RCC_OscConfig
 .text.HAL_RCC_ClockConfig
                0x08000f24      0x200 ./Drivers/STM32L4xx_HAL_Driver/Src/stm32l4xx_hal_rcc.o
                0x08000f24                HAL_RCC_ClockConfig
 .text.HAL_RCC_GetSysClockFreq
                0x08001124      0x118 ./Drivers/STM32L4xx_HAL_Driver/Src/stm32l4xx_hal_rcc.o
                0x08001124                HAL_RCC_GetSysClockFreq
 .text.RCC_SetFlashLatencyFromMSIRange
                0x0800123c       0xc0 ./Drivers/STM32L4xx_HAL_Driver/Src/stm32l4xx_hal_rcc.o
 .text.memset   0x080012fc       0x10 /opt/st/stm32cubeide_2.1.1/plugins/com.st.stm32cube.ide.mcu.externaltools.gnu-tools-for-stm32.14.3.rel1.linux64_1.0.100.202602081740/tools/bin/../lib/gcc/arm-none-eabi/14.3.1/../../../../arm-none-eabi/lib/thumb/v7e-m+fp/hard/libc_nano.a(libc_a-memset.o)
                0x080012fc                memset
 .text.__libc_init_array
                0x0800130c       0x48 /opt/st/stm32cubeide_2.1.1/plugins/com.st.stm32cube.ide.mcu.externaltools.gnu-tools-for-stm32.14.3.rel1.linux64_1.0.100.202602081740/tools/bin/../lib/gcc/arm-none-eabi/14.3.1/../../../../arm-none-eabi/lib/thumb/v7e-m+fp/hard/libc_nano.a(libc_a-init.o)
                0x0800130c                __libc_init_array
 *(.glue_7)
 .glue_7        0x08001354        0x0 linker stubs
 *(.glue_7t)
 .glue_7t       0x08001354        0x0 linker stubs
 *(.eh_frame)
 .eh_frame      0x08001354        0x0 /opt/st/stm32cubeide_2.1.1/plugins/com.st.stm32cube.ide.mcu.externaltools.gnu-tools-for-stm32.14.3.rel1.linux64_1.0.100.202602081740/tools/bin/../lib/gcc/arm-none-eabi/14.3.1/thumb/v7e-m+fp/hard/crtbegin.o
 *(.init)
 .init          0x08001354        0x4 /opt/st/stm32cubeide_2.1.1/plugins/com.st.stm32cube.ide.mcu.externaltools.gnu-tools-for-stm32.14.3.rel1.linux64_1.0.100.202602081740/tools/bin/../lib/gcc/arm-none-eabi/14.3.1/thumb/v7e-m+fp/hard/crti.o
                0x08001354                _init
 .init          0x08001358        0x8 /opt/st/stm32cubeide_2.1.1/plugins/com.st.stm32cube.ide.mcu.externaltools.gnu-tools-for-stm32.14.3.rel1.linux64_1.0.100.202602081740/tools/bin/../lib/gcc/arm-none-eabi/14.3.1/thumb/v7e-m+fp/hard/crtn.o
 *(.fini)
 .fini          0x08001360        0x4 /opt/st/stm32cubeide_2.1.1/plugins/com.st.stm32cube.ide.mcu.externaltools.gnu-tools-for-stm32.14.3.rel1.linux64_1.0.100.202602081740/tools/bin/../lib/gcc/arm-none-eabi/14.3.1/thumb/v7e-m+fp/hard/crti.o
                0x08001360                _fini
 .fini          0x08001364        0x8 /opt/st/stm32cubeide_2.1.1/plugins/com.st.stm32cube.ide.mcu.externaltools.gnu-tools-for-stm32.14.3.rel1.linux64_1.0.100.202602081740/tools/bin/../lib/gcc/arm-none-eabi/14.3.1/thumb/v7e-m+fp/hard/crtn.o
                0x0800136c                        . = ALIGN (0x4)
                0x0800136c                        _etext = .

.vfp11_veneer   0x0800136c        0x0
 .vfp11_veneer  0x0800136c        0x0 linker stubs

.v4_bx          0x0800136c        0x0
 .v4_bx         0x0800136c        0x0 linker stubs

.iplt           0x0800136c        0x0
 .iplt          0x0800136c        0x0 /opt/st/stm32cubeide_2.1.1/plugins/com.st.stm32cube.ide.mcu.externaltools.gnu-tools-for-stm32.14.3.rel1.linux64_1.0.100.202602081740/tools/bin/../lib/gcc/arm-none-eabi/14.3.1/thumb/v7e-m+fp/hard/crtbegin.o

.rodata         0x0800136c       0x40
                0x0800136c                        . = ALIGN (0x4)
 *(.rodata)
 *(.rodata*)
 .rodata.AHBPrescTable
                0x0800136c       0x10 ./Core/Src/system_stm32l4xx.o
                0x0800136c                AHBPrescTable
 .rodata.MSIRangeTable
                0x0800137c       0x30 ./Core/Src/system_stm32l4xx.o
                0x0800137c                MSIRangeTable
                0x080013ac                        . = ALIGN (0x4)

.ARM.extab      0x080013ac        0x0
                0x080013ac                        . = ALIGN (0x4)
 *(.ARM.extab* .gnu.linkonce.armextab.*)
                0x080013ac                        . = ALIGN (0x4)

.ARM            0x080013ac        0x0
                0x080013ac                        . = ALIGN (0x4)
                0x080013ac                        __exidx_start = .
 *(.ARM.exidx*)
                0x080013ac                        __exidx_end = .
                0x080013ac                        . = ALIGN (0x4)

.preinit_array  0x080013ac        0x0
                0x080013ac                        . = ALIGN (0x4)
                0x080013ac                        PROVIDE (__preinit_array_start = .)
 *(.preinit_array*)
                0x080013ac                        PROVIDE (__preinit_array_end = .)
                0x080013ac                        . = ALIGN (0x4)

.init_array     0x080013ac        0x4
                0x080013ac                        . = ALIGN (0x4)
                0x080013ac                        PROVIDE (__init_array_start = .)
 *(SORT_BY_NAME(.init_array.*))
 *(.init_array*)
 .init_array    0x080013ac        0x4 /opt/st/stm32cubeide_2.1.1/plugins/com.st.stm32cube.ide.mcu.externaltools.gnu-tools-for-stm32.14.3.rel1.linux64_1.0.100.202602081740/tools/bin/../lib/gcc/arm-none-eabi/14.3.1/thumb/v7e-m+fp/hard/crtbegin.o
                0x080013b0                        PROVIDE (__init_array_end = .)
                0x080013b0                        . = ALIGN (0x4)

.fini_array     0x080013b0        0x4
                0x080013b0                        . = ALIGN (0x4)
                [!provide]                        PROVIDE (__fini_array_start = .)
 *(SORT_BY_NAME(.fini_array.*))
 *(.fini_array*)
 .fini_array    0x080013b0        0x4 /opt/st/stm32cubeide_2.1.1/plugins/com.st.stm32cube.ide.mcu.externaltools.gnu-tools-for-stm32.14.3.rel1.linux64_1.0.100.202602081740/tools/bin/../lib/gcc/arm-none-eabi/14.3.1/thumb/v7e-m+fp/hard/crtbegin.o
                [!provide]                        PROVIDE (__fini_array_end = .)
                0x080013b4                        . = ALIGN (0x4)
                0x080013b4                        _sidata = LOADADDR (.data)

.rel.dyn        0x080013b4        0x0
 .rel.iplt      0x080013b4        0x0 /opt/st/stm32cubeide_2.1.1/plugins/com.st.stm32cube.ide.mcu.externaltools.gnu-tools-for-stm32.14.3.rel1.linux64_1.0.100.202602081740/tools/bin/../lib/gcc/arm-none-eabi/14.3.1/thumb/v7e-m+fp/hard/crtbegin.o

.data           0x20000000        0xc load address 0x080013b4
                0x20000000                        . = ALIGN (0x4)
                0x20000000                        _sdata = .
 *(.data)
 *(.data*)
 .data.SystemCoreClock
                0x20000000        0x4 ./Core/Src/system_stm32l4xx.o
                0x20000000                SystemCoreClock
 .data.uwTickPrio
                0x20000004        0x4 ./Drivers/STM32L4xx_HAL_Driver/Src/stm32l4xx_hal.o
                0x20000004                uwTickPrio
 .data.uwTickFreq
                0x20000008        0x1 ./Drivers/STM32L4xx_HAL_Driver/Src/stm32l4xx_hal.o
                0x20000008                uwTickFreq
 *(.RamFunc)
 *(.RamFunc*)
                0x2000000c                        . = ALIGN (0x4)
 *fill*         0x20000009        0x3 
                0x2000000c                        _edata = .

.igot.plt       0x2000000c        0x0 load address 0x080013c0
 .igot.plt      0x2000000c        0x0 /opt/st/stm32cubeide_2.1.1/plugins/com.st.stm32cube.ide.mcu.externaltools.gnu-tools-for-stm32.14.3.rel1.linux64_1.0.100.202602081740/tools/bin/../lib/gcc/arm-none-eabi/14.3.1/thumb/v7e-m+fp/hard/crtbegin.o
                0x2000000c                        . = ALIGN (0x4)

.bss            0x2000000c       0x20 load address 0x080013c0
                0x2000000c                        _sbss = .
                0x2000000c                        __bss_start__ = _sbss
 *(.bss)
 .bss           0x2000000c       0x1c /opt/st/stm32cubeide_2.1.1/plugins/com.st.stm32cube.ide.mcu.externaltools.gnu-tools-for-stm32.14.3.rel1.linux64_1.0.100.202602081740/tools/bin/../lib/gcc/arm-none-eabi/14.3.1/thumb/v7e-m+fp/hard/crtbegin.o
 *(.bss*)
 .bss.uwTick    0x20000028        0x4 ./Drivers/STM32L4xx_HAL_Driver/Src/stm32l4xx_hal.o
                0x20000028                uwTick
 *(COMMON)
                0x2000002c                        . = ALIGN (0x4)
                0x2000002c                        _ebss = .
                0x2000002c                        __bss_end__ = _ebss

._user_heap_stack
                0x2000002c      0x604 load address 0x080013c0
                0x20000030                        . = ALIGN (0x8)
 *fill*         0x2000002c        0x4 
                [!provide]                        PROVIDE (end = .)
                0x20000030                        PROVIDE (_end = .)
                0x20000230                        . = (. + _Min_Heap_Size)
 *fill*         0x20000030      0x200 
                0x20000630                        . = (. + _Min_Stack_Size)
 *fill*         0x20000230      0x400 
                0x20000630                        . = ALIGN (0x8)

/DISCARD/
 libc.a(*)
 libm.a(*)
 libgcc.a(*)

.ARM.attributes
                0x00000000       0x30
 *(.ARM.attributes)
 .ARM.attributes
                0x00000000       0x22 /opt/st/stm32cubeide_2.1.1/plugins/com.st.stm32cube.ide.mcu.externaltools.gnu-tools-for-stm32.14.3.rel1.linux64_1.0.100.202602081740/tools/bin/../lib/gcc/arm-none-eabi/14.3.1/thumb/v7e-m+fp/hard/crti.o
 .ARM.attributes
                0x00000022       0x34 /opt/st/stm32cubeide_2.1.1/plugins/com.st.stm32cube.ide.mcu.externaltools.gnu-tools-for-stm32.14.3.rel1.linux64_1.0.100.202602081740/tools/bin/../lib/gcc/arm-none-eabi/14.3.1/thumb/v7e-m+fp/hard/crtbegin.o
 .ARM.attributes
                0x00000056       0x34 ./Core/Src/main.o
 .ARM.attributes
                0x0000008a       0x34 ./Core/Src/stm32l4xx_hal_msp.o
 .ARM.attributes
                0x000000be       0x34 ./Core/Src/stm32l4xx_it.o
 .ARM.attributes
                0x000000f2       0x34 ./Core/Src/system_stm32l4xx.o
 .ARM.attributes
                0x00000126       0x21 ./Core/Startup/startup_stm32l476rgtx.o
 .ARM.attributes
                0x00000147       0x34 ./Drivers/STM32L4xx_HAL_Driver/Src/stm32l4xx_hal.o
 .ARM.attributes
                0x0000017b       0x34 ./Drivers/STM32L4xx_HAL_Driver/Src/stm32l4xx_hal_cortex.o
 .ARM.attributes
                0x000001af       0x34 ./Drivers/STM32L4xx_HAL_Driver/Src/stm32l4xx_hal_pwr_ex.o
 .ARM.attributes
                0x000001e3       0x34 ./Drivers/STM32L4xx_HAL_Driver/Src/stm32l4xx_hal_rcc.o
 .ARM.attributes
                0x00000217       0x34 /opt/st/stm32cubeide_2.1.1/plugins/com.st.stm32cube.ide.mcu.externaltools.gnu-tools-for-stm32.14.3.rel1.linux64_1.0.100.202602081740/tools/bin/../lib/gcc/arm-none-eabi/14.3.1/../../../../arm-none-eabi/lib/thumb/v7e-m+fp/hard/libc_nano.a(libc_a-memset.o)
 .ARM.attributes
                0x0000024b       0x34 /opt/st/stm32cubeide_2.1.1/plugins/com.st.stm32cube.ide.mcu.externaltools.gnu-tools-for-stm32.14.3.rel1.linux64_1.0.100.202602081740/tools/bin/../lib/gcc/arm-none-eabi/14.3.1/../../../../arm-none-eabi/lib/thumb/v7e-m+fp/hard/libc_nano.a(libc_a-init.o)
 .ARM.attributes
                0x0000027f       0x22 /opt/st/stm32cubeide_2.1.1/plugins/com.st.stm32cube.ide.mcu.externaltools.gnu-tools-for-stm32.14.3.rel1.linux64_1.0.100.202602081740/tools/bin/../lib/gcc/arm-none-eabi/14.3.1/thumb/v7e-m+fp/hard/crtn.o
OUTPUT(uart_led_exercise.elf elf32-littlearm)
LOAD linker stubs
LOAD /opt/st/stm32cubeide_2.1.1/plugins/com.st.stm32cube.ide.mcu.externaltools.gnu-tools-for-stm32.14.3.rel1.linux64_1.0.100.202602081740/tools/bin/../lib/gcc/arm-none-eabi/14.3.1/../../../../arm-none-eabi/lib/thumb/v7e-m+fp/hard/libc.a
LOAD /opt/st/stm32cubeide_2.1.1/plugins/com.st.stm32cube.ide.mcu.externaltools.gnu-tools-for-stm32.14.3.rel1.linux64_1.0.100.202602081740/tools/bin/../lib/gcc/arm-none-eabi/14.3.1/../../../../arm-none-eabi/lib/thumb/v7e-m+fp/hard/libm.a
LOAD /opt/st/stm32cubeide_2.1.1/plugins/com.st.stm32cube.ide.mcu.externaltools.gnu-tools-for-stm32.14.3.rel1.linux64_1.0.100.202602081740/tools/bin/../lib/gcc/arm-none-eabi/14.3.1/thumb/v7e-m+fp/hard/libgcc.a

.debug_info     0x00000000     0x3c84
 .debug_info    0x00000000      0x31f ./Core/Src/main.o
 .debug_info    0x0000031f      0x301 ./Core/Src/stm32l4xx_hal_msp.o
 .debug_info    0x00000620      0x157 ./Core/Src/stm32l4xx_it.o
 .debug_info    0x00000777      0x5f4 ./Core/Src/system_stm32l4xx.o
 .debug_info    0x00000d6b       0x30 ./Core/Startup/startup_stm32l476rgtx.o
 .debug_info    0x00000d9b      0xb2d ./Drivers/STM32L4xx_HAL_Driver/Src/stm32l4xx_hal.o
 .debug_info    0x000018c8      0xdad ./Drivers/STM32L4xx_HAL_Driver/Src/stm32l4xx_hal_cortex.o
 .debug_info    0x00002675      0x9ca ./Drivers/STM32L4xx_HAL_Driver/Src/stm32l4xx_hal_pwr_ex.o
 .debug_info    0x0000303f      0xc45 ./Drivers/STM32L4xx_HAL_Driver/Src/stm32l4xx_hal_rcc.o

.debug_abbrev   0x00000000      0xe99
 .debug_abbrev  0x00000000      0x168 ./Core/Src/main.o
 .debug_abbrev  0x00000168       0xdd ./Core/Src/stm32l4xx_hal_msp.o
 .debug_abbrev  0x00000245       0xac ./Core/Src/stm32l4xx_it.o
 .debug_abbrev  0x000002f1      0x150 ./Core/Src/system_stm32l4xx.o
 .debug_abbrev  0x00000441       0x24 ./Core/Startup/startup_stm32l476rgtx.o
 .debug_abbrev  0x00000465      0x243 ./Drivers/STM32L4xx_HAL_Driver/Src/stm32l4xx_hal.o
 .debug_abbrev  0x000006a8      0x31c ./Drivers/STM32L4xx_HAL_Driver/Src/stm32l4xx_hal_cortex.o
 .debug_abbrev  0x000009c4      0x1f9 ./Drivers/STM32L4xx_HAL_Driver/Src/stm32l4xx_hal_pwr_ex.o
 .debug_abbrev  0x00000bbd      0x2dc ./Drivers/STM32L4xx_HAL_Driver/Src/stm32l4xx_hal_rcc.o

.debug_aranges  0x00000000      0x548
 .debug_aranges
                0x00000000       0x30 ./Core/Src/main.o
 .debug_aranges
                0x00000030       0x20 ./Core/Src/stm32l4xx_hal_msp.o
 .debug_aranges
                0x00000050       0x60 ./Core/Src/stm32l4xx_it.o
 .debug_aranges
                0x000000b0       0x28 ./Core/Src/system_stm32l4xx.o
 .debug_aranges
                0x000000d8       0x28 ./Core/Startup/startup_stm32l476rgtx.o
 .debug_aranges
                0x00000100      0x130 ./Drivers/STM32L4xx_HAL_Driver/Src/stm32l4xx_hal.o
 .debug_aranges
                0x00000230      0x128 ./Drivers/STM32L4xx_HAL_Driver/Src/stm32l4xx_hal_cortex.o
 .debug_aranges
                0x00000358      0x160 ./Drivers/STM32L4xx_HAL_Driver/Src/stm32l4xx_hal_pwr_ex.o
 .debug_aranges
                0x000004b8       0x90 ./Drivers/STM32L4xx_HAL_Driver/Src/stm32l4xx_hal_rcc.o

.debug_rnglists
                0x00000000      0x3d8
 .debug_rnglists
                0x00000000       0x20 ./Core/Src/main.o
 .debug_rnglists
                0x00000020       0x13 ./Core/Src/stm32l4xx_hal_msp.o
 .debug_rnglists
                0x00000033       0x43 ./Core/Src/stm32l4xx_it.o
 .debug_rnglists
                0x00000076       0x1a ./Core/Src/system_stm32l4xx.o
 .debug_rnglists
                0x00000090       0x19 ./Core/Startup/startup_stm32l476rgtx.o
 .debug_rnglists
                0x000000a9       0xdf ./Drivers/STM32L4xx_HAL_Driver/Src/stm32l4xx_hal.o
 .debug_rnglists
                0x00000188       0xda ./Drivers/STM32L4xx_HAL_Driver/Src/stm32l4xx_hal_cortex.o
 .debug_rnglists
                0x00000262      0x109 ./Drivers/STM32L4xx_HAL_Driver/Src/stm32l4xx_hal_pwr_ex.o
 .debug_rnglists
                0x0000036b       0x6d ./Drivers/STM32L4xx_HAL_Driver/Src/stm32l4xx_hal_rcc.o

.debug_macro    0x00000000    0x24355
 .debug_macro   0x00000000      0x1b1 ./Core/Src/main.o
 .debug_macro   0x000001b1      0xad8 ./Core/Src/main.o
 .debug_macro   0x00000c89      0x19b ./Core/Src/main.o
 .debug_macro   0x00000e24       0x2e ./Core/Src/main.o
 .debug_macro   0x00000e52       0x28 ./Core/Src/main.o
 .debug_macro   0x00000e7a       0x22 ./Core/Src/main.o
 .debug_macro   0x00000e9c       0x8e ./Core/Src/main.o
 .debug_macro   0x00000f2a       0x51 ./Core/Src/main.o
 .debug_macro   0x00000f7b      0x103 ./Core/Src/main.o
 .debug_macro   0x0000107e       0x6a ./Core/Src/main.o
 .debug_macro   0x000010e8      0x1df ./Core/Src/main.o
 .debug_macro   0x000012c7       0x1c ./Core/Src/main.o
 .debug_macro   0x000012e3       0x22 ./Core/Src/main.o
 .debug_macro   0x00001305       0xfb ./Core/Src/main.o
 .debug_macro   0x00001400     0x1011 ./Core/Src/main.o
 .debug_macro   0x00002411      0x11f ./Core/Src/main.o
 .debug_macro   0x00002530    0x1a192 ./Core/Src/main.o
 .debug_macro   0x0001c6c2       0x6d ./Core/Src/main.o
 .debug_macro   0x0001c72f     0x38fb ./Core/Src/main.o
 .debug_macro   0x0002002a      0x190 ./Core/Src/main.o
 .debug_macro   0x000201ba       0x5c ./Core/Src/main.o
 .debug_macro   0x00020216     0x159e ./Core/Src/main.o
 .debug_macro   0x000217b4      0x5a5 ./Core/Src/main.o
 .debug_macro   0x00021d59      0x1b9 ./Core/Src/main.o
 .debug_macro   0x00021f12      0x18b ./Core/Src/main.o
 .debug_macro   0x0002209d      0x2c4 ./Core/Src/main.o
 .debug_macro   0x00022361      0x27a ./Core/Src/main.o
 .debug_macro   0x000225db      0x23d ./Core/Src/main.o
 .debug_macro   0x00022818      0x241 ./Core/Src/main.o
 .debug_macro   0x00022a59      0x37c ./Core/Src/main.o
 .debug_macro   0x00022dd5       0xd6 ./Core/Src/main.o
 .debug_macro   0x00022eab      0x122 ./Core/Src/main.o
 .debug_macro   0x00022fcd      0x3ef ./Core/Src/main.o
 .debug_macro   0x000233bc      0x330 ./Core/Src/main.o
 .debug_macro   0x000236ec      0x1b1 ./Core/Src/stm32l4xx_hal_msp.o
 .debug_macro   0x0002389d      0x1bb ./Core/Src/stm32l4xx_it.o
 .debug_macro   0x00023a58      0x1ad ./Core/Src/system_stm32l4xx.o
 .debug_macro   0x00023c05      0x1f5 ./Drivers/STM32L4xx_HAL_Driver/Src/stm32l4xx_hal.o
 .debug_macro   0x00023dfa      0x1a7 ./Drivers/STM32L4xx_HAL_Driver/Src/stm32l4xx_hal_cortex.o
 .debug_macro   0x00023fa1      0x1cb ./Drivers/STM32L4xx_HAL_Driver/Src/stm32l4xx_hal_pwr_ex.o
 .debug_macro   0x0002416c      0x1e9 ./Drivers/STM32L4xx_HAL_Driver/Src/stm32l4xx_hal_rcc.o

.debug_line     0x00000000     0x4d80
 .debug_line    0x00000000      0x6c2 ./Core/Src/main.o
 .debug_line    0x000006c2      0x642 ./Core/Src/stm32l4xx_hal_msp.o
 .debug_line    0x00000d04      0x6f1 ./Core/Src/stm32l4xx_it.o
 .debug_line    0x000013f5      0x71c ./Core/Src/system_stm32l4xx.o
 .debug_line    0x00001b11       0x7a ./Core/Startup/startup_stm32l476rgtx.o
 .debug_line    0x00001b8b      0xa4b ./Drivers/STM32L4xx_HAL_Driver/Src/stm32l4xx_hal.o
 .debug_line    0x000025d6      0xbe3 ./Drivers/STM32L4xx_HAL_Driver/Src/stm32l4xx_hal_cortex.o
 .debug_line    0x000031b9      0xc2a ./Drivers/STM32L4xx_HAL_Driver/Src/stm32l4xx_hal_pwr_ex.o
 .debug_line    0x00003de3      0xf9d ./Drivers/STM32L4xx_HAL_Driver/Src/stm32l4xx_hal_rcc.o

.debug_str      0x00000000    0xdfb16
 .debug_str     0x00000000    0xdfb16 ./Core/Src/main.o
                              0xde28c (size before relaxing)
 .debug_str     0x000dfb16    0xde1f1 ./Core/Src/stm32l4xx_hal_msp.o
 .debug_str     0x000dfb16    0xde12a ./Core/Src/stm32l4xx_it.o
 .debug_str     0x000dfb16    0xde2c1 ./Core/Src/system_stm32l4xx.o
 .debug_str     0x000dfb16       0x82 ./Core/Startup/startup_stm32l476rgtx.o
 .debug_str     0x000dfb16    0xdee4e ./Drivers/STM32L4xx_HAL_Driver/Src/stm32l4xx_hal.o
 .debug_str     0x000dfb16    0xdeb1f ./Drivers/STM32L4xx_HAL_Driver/Src/stm32l4xx_hal_cortex.o
 .debug_str     0x000dfb16    0xde801 ./Drivers/STM32L4xx_HAL_Driver/Src/stm32l4xx_hal_pwr_ex.o
 .debug_str     0x000dfb16    0xde8ec ./Drivers/STM32L4xx_HAL_Driver/Src/stm32l4xx_hal_rcc.o

.comment        0x00000000       0x43
 .comment       0x00000000       0x43 ./Core/Src/main.o
                                 0x44 (size before relaxing)
 .comment       0x00000043       0x44 ./Core/Src/stm32l4xx_hal_msp.o
 .comment       0x00000043       0x44 ./Core/Src/stm32l4xx_it.o
 .comment       0x00000043       0x44 ./Core/Src/system_stm32l4xx.o
 .comment       0x00000043       0x44 ./Drivers/STM32L4xx_HAL_Driver/Src/stm32l4xx_hal.o
 .comment       0x00000043       0x44 ./Drivers/STM32L4xx_HAL_Driver/Src/stm32l4xx_hal_cortex.o
 .comment       0x00000043       0x44 ./Drivers/STM32L4xx_HAL_Driver/Src/stm32l4xx_hal_pwr_ex.o
 .comment       0x00000043       0x44 ./Drivers/STM32L4xx_HAL_Driver/Src/stm32l4xx_hal_rcc.o

.debug_frame    0x00000000     0x11dc
 .debug_frame   0x00000000       0x68 ./Core/Src/main.o
 .debug_frame   0x00000068       0x34 ./Core/Src/stm32l4xx_hal_msp.o
 .debug_frame   0x0000009c       0xf8 ./Core/Src/stm32l4xx_it.o
 .debug_frame   0x00000194       0x50 ./Core/Src/system_stm32l4xx.o
 .debug_frame   0x000001e4      0x424 ./Drivers/STM32L4xx_HAL_Driver/Src/stm32l4xx_hal.o
 .debug_frame   0x00000608      0x49c ./Drivers/STM32L4xx_HAL_Driver/Src/stm32l4xx_hal_cortex.o
 .debug_frame   0x00000aa4      0x4ec ./Drivers/STM32L4xx_HAL_Driver/Src/stm32l4xx_hal_pwr_ex.o
 .debug_frame   0x00000f90      0x200 ./Drivers/STM32L4xx_HAL_Driver/Src/stm32l4xx_hal_rcc.o
 .debug_frame   0x00001190       0x20 /opt/st/stm32cubeide_2.1.1/plugins/com.st.stm32cube.ide.mcu.externaltools.gnu-tools-for-stm32.14.3.rel1.linux64_1.0.100.202602081740/tools/bin/../lib/gcc/arm-none-eabi/14.3.1/../../../../arm-none-eabi/lib/thumb/v7e-m+fp/hard/libc_nano.a(libc_a-memset.o)
 .debug_frame   0x000011b0       0x2c /opt/st/stm32cubeide_2.1.1/plugins/com.st.stm32cube.ide.mcu.externaltools.gnu-tools-for-stm32.14.3.rel1.linux64_1.0.100.202602081740/tools/bin/../lib/gcc/arm-none-eabi/14.3.1/../../../../arm-none-eabi/lib/thumb/v7e-m+fp/hard/libc_nano.a(libc_a-init.o)

.debug_line_str
                0x00000000       0x66
 .debug_line_str
                0x00000000       0x66 ./Core/Startup/startup_stm32l476rgtx.o
